

================================================================
== Vivado HLS Report for 'matrix_mul'
================================================================
* Date:           Thu May 14 22:22:25 2020

* Version:        2019.2 (Build 2704478 on Wed Nov 06 22:10:23 MST 2019)
* Project:        picnic1
* Solution:       keypair
* Product family: artix7
* Target device:  xc7a200t-fbg676-2


================================================================
== Performance Estimates
================================================================
+ Timing: 
    * Summary: 
    +--------+----------+----------+------------+
    |  Clock |  Target  | Estimated| Uncertainty|
    +--------+----------+----------+------------+
    |ap_clk  | 10.00 ns | 8.366 ns |   1.25 ns  |
    +--------+----------+----------+------------+

+ Latency: 
    * Summary: 
    +---------+---------+-----------+-----------+------+------+---------+
    |  Latency (cycles) |   Latency (absolute)  |   Interval  | Pipeline|
    |   min   |   max   |    min    |    max    |  min |  max |   Type  |
    +---------+---------+-----------+-----------+------+------+---------+
    |     2569|     2569| 25.690 us | 25.690 us |  2569|  2569|   none  |
    +---------+---------+-----------+-----------+------+------+---------+

    + Detail: 
        * Instance: 
        N/A

        * Loop: 
        +------------------------+---------+---------+----------+-----------+-----------+------+----------+
        |                        |  Latency (cycles) | Iteration|  Initiation Interval  | Trip |          |
        |        Loop Name       |   min   |   max   |  Latency |  achieved |   target  | Count| Pipelined|
        +------------------------+---------+---------+----------+-----------+-----------+------+----------+
        |- matrix_mul_label6     |     2559|     2559|        20|          -|          -|   128|    no    |
        | + matrix_mul_label5    |        7|        7|         2|          2|          2|     4|    yes   |
        | + matrix_mul_label6.2  |        6|        6|         2|          -|          -|     3|    no    |
        |- matrix_mul_label7     |        8|        8|         2|          -|          -|     4|    no    |
        +------------------------+---------+---------+----------+-----------+-----------+------+----------+



================================================================
== Utilization Estimates
================================================================
* Summary: 
+-----------------+---------+-------+--------+--------+-----+
|       Name      | BRAM_18K| DSP48E|   FF   |   LUT  | URAM|
+-----------------+---------+-------+--------+--------+-----+
|DSP              |        -|      -|       -|       -|    -|
|Expression       |        -|      -|       0|    1305|    -|
|FIFO             |        -|      -|       -|       -|    -|
|Instance         |        -|      -|       -|       -|    -|
|Memory           |       34|      -|       0|       0|    0|
|Multiplexer      |        -|      -|       -|     167|    -|
|Register         |        -|      -|     100|       -|    -|
+-----------------+---------+-------+--------+--------+-----+
|Total            |       34|      0|     100|    1472|    0|
+-----------------+---------+-------+--------+--------+-----+
|Available        |      730|    740|  269200|  134600|    0|
+-----------------+---------+-------+--------+--------+-----+
|Utilization (%)  |        4|      0|   ~0   |       1|    0|
+-----------------+---------+-------+--------+--------+-----+

+ Detail: 
    * Instance: 
    N/A

    * DSP48E: 
    N/A

    * Memory: 
    +----------------+----------------------+---------+---+----+-----+-------+-----+------+-------------+
    |     Memory     |        Module        | BRAM_18K| FF| LUT| URAM| Words | Bits| Banks| W*Bits*Banks|
    +----------------+----------------------+---------+---+----+-----+-------+-----+------+-------------+
    |prod_U          |matrix_mul_1_prod     |        1|  0|   0|    0|     64|   32|     1|         2048|
    |temp_U          |matrix_mul_1_temp     |        1|  0|   0|    0|     64|   32|     1|         2048|
    |temp_matrix2_U  |matrix_mul_temp_mfYi  |       32|  0|   0|    0|  10240|   32|     1|       327680|
    +----------------+----------------------+---------+---+----+-----+-------+-----+------+-------------+
    |Total           |                      |       34|  0|   0|    0|  10368|   96|     3|       331776|
    +----------------+----------------------+---------+---+----+-----+-------+-----+------+-------------+

    * FIFO: 
    N/A

    * Expression: 
    +--------------------------+----------+-------+---+-----+------------+------------+
    |       Variable Name      | Operation| DSP48E| FF| LUT | Bitwidth P0| Bitwidth P1|
    +--------------------------+----------+-------+---+-----+------------+------------+
    |add_ln133_fu_287_p2       |     +    |      0|  0|   16|           9|           9|
    |add_ln134_fu_302_p2       |     +    |      0|  0|   21|          14|          14|
    |add_ln68_fu_610_p2        |     +    |      0|  0|   15|           3|           6|
    |i_6_fu_342_p2             |     +    |      0|  0|   12|           3|           1|
    |i_fu_269_p2               |     +    |      0|  0|   15|           7|           1|
    |j_fu_325_p2               |     +    |      0|  0|   10|           2|           1|
    |loop_fu_876_p2            |     +    |      0|  0|   12|           3|           1|
    |sub_ln68_4_fu_652_p2      |     -    |      0|  0|   15|           6|           6|
    |sub_ln68_5_fu_682_p2      |     -    |      0|  0|   15|           5|           6|
    |sub_ln68_6_fu_794_p2      |     -    |      0|  0|   15|           5|           6|
    |sub_ln68_fu_640_p2        |     -    |      0|  0|   15|           6|           6|
    |and_ln68_4_fu_708_p2      |    and   |      0|  0|   32|          32|          32|
    |and_ln68_5_fu_847_p2      |    and   |      0|  0|   32|          32|          32|
    |and_ln68_fu_745_p2        |    and   |      0|  0|    8|           8|           8|
    |prod_d0                   |    and   |      0|  0|   32|          32|          32|
    |temp_d0                   |    and   |      0|  0|   32|          32|          32|
    |icmp_ln128_fu_377_p2      |   icmp   |      0|  0|   11|           7|           2|
    |icmp_ln130_fu_312_p2      |   icmp   |      0|  0|    8|           2|           2|
    |icmp_ln140_fu_870_p2      |   icmp   |      0|  0|    9|           3|           4|
    |icmp_ln68_2_fu_757_p2     |   icmp   |      0|  0|   29|          64|          64|
    |icmp_ln68_fu_620_p2       |   icmp   |      0|  0|   29|          64|          64|
    |icmp_ln87_fu_336_p2       |   icmp   |      0|  0|    9|           3|           4|
    |lshr_ln68_3_fu_702_p2     |   lshr   |      0|  0|  101|           2|          32|
    |lshr_ln68_4_fu_841_p2     |   lshr   |      0|  0|  101|           2|          32|
    |lshr_ln68_fu_696_p2       |   lshr   |      0|  0|  101|          32|          32|
    |or_ln68_fu_751_p2         |    or    |      0|  0|    8|           8|           8|
    |select_ln68_10_fu_781_p3  |  select  |      0|  0|    6|           1|           6|
    |select_ln68_11_fu_787_p3  |  select  |      0|  0|    6|           1|           6|
    |select_ln68_12_fu_828_p3  |  select  |      0|  0|   32|           1|          32|
    |select_ln68_7_fu_666_p3   |  select  |      0|  0|   32|           1|          32|
    |select_ln68_8_fu_674_p3   |  select  |      0|  0|    6|           1|           6|
    |select_ln68_9_fu_775_p3   |  select  |      0|  0|    6|           1|           6|
    |select_ln68_fu_658_p3     |  select  |      0|  0|    6|           1|           6|
    |shl_ln68_2_fu_739_p2      |    shl   |      0|  0|   19|           8|           8|
    |shl_ln68_5_fu_812_p2      |    shl   |      0|  0|  101|          32|          32|
    |shl_ln68_6_fu_835_p2      |    shl   |      0|  0|  101|           2|          32|
    |shl_ln68_7_fu_863_p2      |    shl   |      0|  0|   11|           1|           4|
    |shl_ln68_fu_727_p2        |    shl   |      0|  0|   19|           1|           8|
    |x_2_fu_383_p2             |    xor   |      0|  0|   32|          32|          32|
    |xor_ln101_5_fu_567_p2     |    xor   |      0|  0|    2|           1|           1|
    |xor_ln101_6_fu_573_p2     |    xor   |      0|  0|    2|           1|           1|
    |xor_ln101_7_fu_579_p2     |    xor   |      0|  0|    2|           1|           1|
    |xor_ln101_8_fu_585_p2     |    xor   |      0|  0|    2|           1|           1|
    |xor_ln101_fu_561_p2       |    xor   |      0|  0|    2|           1|           1|
    |xor_ln68_2_fu_733_p2      |    xor   |      0|  0|    8|           8|           2|
    |xor_ln68_4_fu_646_p2      |    xor   |      0|  0|    6|           6|           5|
    |xor_ln68_5_fu_769_p2      |    xor   |      0|  0|    6|           6|           5|
    |xor_ln68_fu_718_p2        |    xor   |      0|  0|    3|           3|           2|
    |xor_ln97_fu_457_p2        |    xor   |      0|  0|   24|          24|          24|
    |xor_ln98_4_fu_523_p2      |    xor   |      0|  0|   24|          24|          24|
    |xor_ln98_fu_501_p2        |    xor   |      0|  0|   24|          24|          24|
    |y_4_fu_473_p2             |    xor   |      0|  0|   32|          32|          32|
    |y_5_fu_517_p2             |    xor   |      0|  0|   32|          32|          32|
    |y_6_fu_547_p2             |    xor   |      0|  0|   24|          24|          24|
    |y_fu_429_p2               |    xor   |      0|  0|   32|          32|          32|
    +--------------------------+----------+-------+---+-----+------------+------------+
    |Total                     |          |      0|  0| 1305|         689|         858|
    +--------------------------+----------+-------+---+-----+------------+------------+

    * Multiplexer: 
    +-----------------------------+----+-----------+-----+-----------+
    |             Name            | LUT| Input Size| Bits| Total Bits|
    +-----------------------------+----+-----------+-----+-----------+
    |ap_NS_fsm                    |  56|         13|    1|         13|
    |bitNumber_assign105_reg_213  |   9|          2|    7|         14|
    |i_0_i_reg_247                |   9|          2|    3|          6|
    |j_0104_reg_225               |   9|          2|    2|          4|
    |loop_0_reg_258               |   9|          2|    3|          6|
    |output_r_address0            |  15|          3|    3|          9|
    |prod_address0                |  21|          4|    6|         24|
    |temp_address0                |  21|          4|    6|         24|
    |temp_we0                     |   9|          2|    4|          8|
    |x_0_i_reg_237                |   9|          2|   32|         64|
    +-----------------------------+----+-----------+-----+-----------+
    |Total                        | 167|         36|   67|        172|
    +-----------------------------+----+-----------+-----+-----------+

    * Register: 
    +-----------------------------+----+----+-----+-----------+
    |             Name            | FF | LUT| Bits| Const Bits|
    +-----------------------------+----+----+-----+-----------+
    |add_ln68_reg_974             |   3|   0|    6|          3|
    |ap_CS_fsm                    |  12|   0|   12|          0|
    |bitNumber_assign105_reg_213  |   7|   0|    7|          0|
    |i_0_i_reg_247                |   3|   0|    3|          0|
    |i_6_reg_939                  |   3|   0|    3|          0|
    |i_reg_892                    |   7|   0|    7|          0|
    |icmp_ln128_reg_960           |   1|   0|    1|          0|
    |icmp_ln130_reg_912           |   1|   0|    1|          0|
    |icmp_ln68_2_reg_985          |   1|   0|    1|          0|
    |j_0104_reg_225               |   2|   0|    2|          0|
    |loop_0_reg_258               |   3|   0|    3|          0|
    |loop_reg_996                 |   3|   0|    3|          0|
    |or_ln68_reg_980              |   8|   0|    8|          0|
    |temp_addr_5_reg_950          |   2|   0|    6|          4|
    |tmp_17_reg_944               |   2|   0|    2|          0|
    |trunc_ln128_reg_955          |   3|   0|    3|          0|
    |x_0_i_reg_237                |  32|   0|   32|          0|
    |zext_ln134_reg_897           |   2|   0|   64|         62|
    |zext_ln141_reg_1001          |   3|   0|   64|         61|
    |zext_ln68_cast_reg_969       |   2|   0|    5|          3|
    +-----------------------------+----+----+-----+-----------+
    |Total                        | 100|   0|  233|        133|
    +-----------------------------+----+----+-----+-----------+



================================================================
== Interface
================================================================
* Summary: 
+-------------------+-----+-----+------------+---------------+--------------+
|     RTL Ports     | Dir | Bits|  Protocol  | Source Object |    C Type    |
+-------------------+-----+-----+------------+---------------+--------------+
|ap_clk             |  in |    1| ap_ctrl_hs |   matrix_mul  | return value |
|ap_rst             |  in |    1| ap_ctrl_hs |   matrix_mul  | return value |
|ap_start           |  in |    1| ap_ctrl_hs |   matrix_mul  | return value |
|ap_done            | out |    1| ap_ctrl_hs |   matrix_mul  | return value |
|ap_idle            | out |    1| ap_ctrl_hs |   matrix_mul  | return value |
|ap_ready           | out |    1| ap_ctrl_hs |   matrix_mul  | return value |
|output_r_address0  | out |    3|  ap_memory |    output_r   |     array    |
|output_r_ce0       | out |    1|  ap_memory |    output_r   |     array    |
|output_r_we0       | out |    1|  ap_memory |    output_r   |     array    |
|output_r_d0        | out |   32|  ap_memory |    output_r   |     array    |
|output_r_q0        |  in |   32|  ap_memory |    output_r   |     array    |
|matrix_offset      |  in |   14|   ap_none  | matrix_offset |    scalar    |
+-------------------+-----+-----+------------+---------------+--------------+

