

================================================================
== Vivado HLS Report for 'MixColumns'
================================================================
* Date:           Sat May  9 23:49:15 2020

* Version:        2019.2 (Build 2704478 on Wed Nov 06 22:10:23 MST 2019)
* Project:        picnic1
* Solution:       keypair
* Product family: artix7
* Target device:  xc7a200t-fbg676-2


================================================================
== Performance Estimates
================================================================
+ Timing: 
    * Summary: 
    +--------+----------+----------+------------+
    |  Clock |  Target  | Estimated| Uncertainty|
    +--------+----------+----------+------------+
    |ap_clk  | 10.00 ns | 4.955 ns |   1.25 ns  |
    +--------+----------+----------+------------+

+ Latency: 
    * Summary: 
    +---------+---------+----------+----------+-----+-----+---------+
    |  Latency (cycles) |  Latency (absolute) |  Interval | Pipeline|
    |   min   |   max   |    min   |    max   | min | max |   Type  |
    +---------+---------+----------+----------+-----+-----+---------+
    |       15|       15| 0.150 us | 0.150 us |   15|   15|   none  |
    +---------+---------+----------+----------+-----+-----+---------+

    + Detail: 
        * Instance: 
        N/A

        * Loop: 
        N/A



================================================================
== Utilization Estimates
================================================================
* Summary: 
+-----------------+---------+-------+--------+--------+-----+
|       Name      | BRAM_18K| DSP48E|   FF   |   LUT  | URAM|
+-----------------+---------+-------+--------+--------+-----+
|DSP              |        -|      -|       -|       -|    -|
|Expression       |        -|      -|       0|     616|    -|
|FIFO             |        -|      -|       -|       -|    -|
|Instance         |        -|      -|       -|       -|    -|
|Memory           |        -|      -|       -|       -|    -|
|Multiplexer      |        -|      -|       -|     343|    -|
|Register         |        -|      -|     192|       -|    -|
+-----------------+---------+-------+--------+--------+-----+
|Total            |        0|      0|     192|     959|    0|
+-----------------+---------+-------+--------+--------+-----+
|Available        |      730|    740|  269200|  134600|    0|
+-----------------+---------+-------+--------+--------+-----+
|Utilization (%)  |        0|      0|   ~0   |   ~0   |    0|
+-----------------+---------+-------+--------+--------+-----+

+ Detail: 
    * Instance: 
    N/A

    * DSP48E: 
    N/A

    * Memory: 
    N/A

    * FIFO: 
    N/A

    * Expression: 
    +---------------------------+----------+-------+---+----+------------+------------+
    |       Variable Name       | Operation| DSP48E| FF| LUT| Bitwidth P0| Bitwidth P1|
    +---------------------------+----------+-------+---+----+------------+------------+
    |select_ln306_10_fu_685_p3  |  select  |      0|  0|   5|           1|           5|
    |select_ln306_11_fu_728_p3  |  select  |      0|  0|   5|           1|           5|
    |select_ln306_12_fu_778_p3  |  select  |      0|  0|   5|           1|           5|
    |select_ln306_13_fu_823_p3  |  select  |      0|  0|   5|           1|           5|
    |select_ln306_14_fu_863_p3  |  select  |      0|  0|   5|           1|           5|
    |select_ln306_15_fu_908_p3  |  select  |      0|  0|   5|           1|           5|
    |select_ln306_1_fu_281_p3   |  select  |      0|  0|   5|           1|           5|
    |select_ln306_2_fu_326_p3   |  select  |      0|  0|   5|           1|           5|
    |select_ln306_3_fu_370_p3   |  select  |      0|  0|   5|           1|           5|
    |select_ln306_4_fu_418_p3   |  select  |      0|  0|   5|           1|           5|
    |select_ln306_5_fu_462_p3   |  select  |      0|  0|   5|           1|           5|
    |select_ln306_6_fu_506_p3   |  select  |      0|  0|   5|           1|           5|
    |select_ln306_7_fu_549_p3   |  select  |      0|  0|   5|           1|           5|
    |select_ln306_8_fu_597_p3   |  select  |      0|  0|   5|           1|           5|
    |select_ln306_9_fu_641_p3   |  select  |      0|  0|   5|           1|           5|
    |select_ln306_fu_235_p3     |  select  |      0|  0|   5|           1|           5|
    |grp_fu_205_p2              |    xor   |      0|  0|   8|           8|           8|
    |xor_ln318_10_fu_569_p2     |    xor   |      0|  0|   8|           8|           8|
    |xor_ln318_11_fu_748_p2     |    xor   |      0|  0|   8|           8|           8|
    |xor_ln318_1_fu_211_p2      |    xor   |      0|  0|   8|           8|           8|
    |xor_ln318_2_fu_216_p2      |    xor   |      0|  0|   8|           8|           8|
    |xor_ln318_3_fu_394_p2      |    xor   |      0|  0|   8|           8|           8|
    |xor_ln318_4_fu_399_p2      |    xor   |      0|  0|   8|           8|           8|
    |xor_ln318_5_fu_573_p2      |    xor   |      0|  0|   8|           8|           8|
    |xor_ln318_6_fu_578_p2      |    xor   |      0|  0|   8|           8|           8|
    |xor_ln318_7_fu_752_p2      |    xor   |      0|  0|   8|           8|           8|
    |xor_ln318_8_fu_758_p2      |    xor   |      0|  0|   8|           8|           8|
    |xor_ln318_9_fu_390_p2      |    xor   |      0|  0|   8|           8|           8|
    |xor_ln319_10_fu_786_p2     |    xor   |      0|  0|   8|           8|           8|
    |xor_ln319_11_fu_791_p2     |    xor   |      0|  0|   8|           8|           8|
    |xor_ln319_1_fu_255_p2      |    xor   |      0|  0|   8|           8|           8|
    |xor_ln319_2_fu_249_p2      |    xor   |      0|  0|   8|           8|           8|
    |xor_ln319_3_fu_426_p2      |    xor   |      0|  0|   8|           8|           8|
    |xor_ln319_4_fu_431_p2      |    xor   |      0|  0|   8|           8|           8|
    |xor_ln319_5_fu_437_p2      |    xor   |      0|  0|   8|           8|           8|
    |xor_ln319_6_fu_616_p2      |    xor   |      0|  0|   8|           8|           8|
    |xor_ln319_7_fu_797_p2      |    xor   |      0|  0|   8|           8|           8|
    |xor_ln319_8_fu_605_p2      |    xor   |      0|  0|   8|           8|           8|
    |xor_ln319_9_fu_610_p2      |    xor   |      0|  0|   8|           8|           8|
    |xor_ln319_fu_243_p2        |    xor   |      0|  0|   8|           8|           8|
    |xor_ln320_10_fu_842_p2     |    xor   |      0|  0|   8|           8|           8|
    |xor_ln320_11_fu_654_p2     |    xor   |      0|  0|   8|           8|           8|
    |xor_ln320_12_fu_623_p2     |    xor   |      0|  0|   8|           8|           8|
    |xor_ln320_13_fu_831_p2     |    xor   |      0|  0|   8|           8|           8|
    |xor_ln320_14_fu_836_p2     |    xor   |      0|  0|   8|           8|           8|
    |xor_ln320_15_fu_804_p2     |    xor   |      0|  0|   8|           8|           8|
    |xor_ln320_1_fu_301_p2      |    xor   |      0|  0|   8|           8|           8|
    |xor_ln320_2_fu_295_p2      |    xor   |      0|  0|   8|           8|           8|
    |xor_ln320_3_fu_262_p2      |    xor   |      0|  0|   8|           8|           8|
    |xor_ln320_4_fu_470_p2      |    xor   |      0|  0|   8|           8|           8|
    |xor_ln320_5_fu_475_p2      |    xor   |      0|  0|   8|           8|           8|
    |xor_ln320_6_fu_481_p2      |    xor   |      0|  0|   8|           8|           8|
    |xor_ln320_7_fu_444_p2      |    xor   |      0|  0|   8|           8|           8|
    |xor_ln320_8_fu_660_p2      |    xor   |      0|  0|   8|           8|           8|
    |xor_ln320_9_fu_649_p2      |    xor   |      0|  0|   8|           8|           8|
    |xor_ln320_fu_289_p2        |    xor   |      0|  0|   8|           8|           8|
    |xor_ln321_10_fu_883_p2     |    xor   |      0|  0|   8|           8|           8|
    |xor_ln321_11_fu_698_p2     |    xor   |      0|  0|   8|           8|           8|
    |xor_ln321_12_fu_667_p2     |    xor   |      0|  0|   8|           8|           8|
    |xor_ln321_13_fu_871_p2     |    xor   |      0|  0|   8|           8|           8|
    |xor_ln321_14_fu_877_p2     |    xor   |      0|  0|   8|           8|           8|
    |xor_ln321_1_fu_345_p2      |    xor   |      0|  0|   8|           8|           8|
    |xor_ln321_2_fu_339_p2      |    xor   |      0|  0|   8|           8|           8|
    |xor_ln321_3_fu_308_p2      |    xor   |      0|  0|   8|           8|           8|
    |xor_ln321_4_fu_514_p2      |    xor   |      0|  0|   8|           8|           8|
    |xor_ln321_5_fu_519_p2      |    xor   |      0|  0|   8|           8|           8|
    |xor_ln321_6_fu_525_p2      |    xor   |      0|  0|   8|           8|           8|
    |xor_ln321_7_fu_488_p2      |    xor   |      0|  0|   8|           8|           8|
    |xor_ln321_8_fu_704_p2      |    xor   |      0|  0|   8|           8|           8|
    |xor_ln321_9_fu_693_p2      |    xor   |      0|  0|   8|           8|           8|
    |xor_ln321_fu_334_p2        |    xor   |      0|  0|   8|           8|           8|
    |xor_ln322_10_fu_889_p2     |    xor   |      0|  0|   8|           8|           8|
    |xor_ln322_11_fu_916_p2     |    xor   |      0|  0|   8|           8|           8|
    |xor_ln322_1_fu_351_p2      |    xor   |      0|  0|   8|           8|           8|
    |xor_ln322_2_fu_563_p2      |    xor   |      0|  0|   8|           8|           8|
    |xor_ln322_3_fu_378_p2      |    xor   |      0|  0|   8|           8|           8|
    |xor_ln322_4_fu_742_p2      |    xor   |      0|  0|   8|           8|           8|
    |xor_ln322_5_fu_531_p2      |    xor   |      0|  0|   8|           8|           8|
    |xor_ln322_6_fu_922_p2      |    xor   |      0|  0|   8|           8|           8|
    |xor_ln322_7_fu_557_p2      |    xor   |      0|  0|   8|           8|           8|
    |xor_ln322_8_fu_710_p2      |    xor   |      0|  0|   8|           8|           8|
    |xor_ln322_9_fu_736_p2      |    xor   |      0|  0|   8|           8|           8|
    |xor_ln322_fu_384_p2        |    xor   |      0|  0|   8|           8|           8|
    +---------------------------+----------+-------+---+----+------------+------------+
    |Total                      |          |      0|  0| 616|         552|         616|
    +---------------------------+----------+-------+---+----+------------+------------+

    * Multiplexer: 
    +----------------+----+-----------+-----+-----------+
    |      Name      | LUT| Input Size| Bits| Total Bits|
    +----------------+----+-----------+-----+-----------+
    |ap_NS_fsm       |  85|         17|    1|         17|
    |state_address0  |  85|         17|    4|         68|
    |state_address1  |  85|         17|    4|         68|
    |state_d0        |  44|          9|    8|         72|
    |state_d1        |  44|          9|    8|         72|
    +----------------+----+-----------+-----+-----------+
    |Total           | 343|         69|   25|        297|
    +----------------+----+-----------+-----+-----------+

    * Register: 
    +------------------------+----+----+-----+-----------+
    |          Name          | FF | LUT| Bits| Const Bits|
    +------------------------+----+----+-----+-----------+
    |ap_CS_fsm               |  16|   0|   16|          0|
    |reg_197                 |   8|   0|    8|          0|
    |reg_201                 |   8|   0|    8|          0|
    |state_load_14_reg_958   |   8|   0|    8|          0|
    |state_load_15_reg_966   |   8|   0|    8|          0|
    |state_load_16_reg_983   |   8|   0|    8|          0|
    |state_load_17_reg_1007  |   8|   0|    8|          0|
    |state_load_18_reg_1015  |   8|   0|    8|          0|
    |state_load_19_reg_1032  |   8|   0|    8|          0|
    |state_load_1_reg_990    |   8|   0|    8|          0|
    |state_load_20_reg_1056  |   8|   0|    8|          0|
    |state_load_21_reg_1064  |   8|   0|    8|          0|
    |state_load_22_reg_1081  |   8|   0|    8|          0|
    |state_load_2_reg_1039   |   8|   0|    8|          0|
    |state_load_3_reg_1088   |   8|   0|    8|          0|
    |xor_ln321_10_reg_1125   |   8|   0|    8|          0|
    |xor_ln321_1_reg_1095    |   8|   0|    8|          0|
    |xor_ln321_6_reg_1105    |   8|   0|    8|          0|
    |xor_ln321_8_reg_1115    |   8|   0|    8|          0|
    |xor_ln322_2_reg_1110    |   8|   0|    8|          0|
    |xor_ln322_4_reg_1120    |   8|   0|    8|          0|
    |xor_ln322_6_reg_1130    |   8|   0|    8|          0|
    |xor_ln322_reg_1100      |   8|   0|    8|          0|
    +------------------------+----+----+-----+-----------+
    |Total                   | 192|   0|  192|          0|
    +------------------------+----+----+-----+-----------+



================================================================
== Interface
================================================================
* Summary: 
+----------------+-----+-----+------------+--------------+--------------+
|    RTL Ports   | Dir | Bits|  Protocol  | Source Object|    C Type    |
+----------------+-----+-----+------------+--------------+--------------+
|ap_clk          |  in |    1| ap_ctrl_hs |  MixColumns  | return value |
|ap_rst          |  in |    1| ap_ctrl_hs |  MixColumns  | return value |
|ap_start        |  in |    1| ap_ctrl_hs |  MixColumns  | return value |
|ap_done         | out |    1| ap_ctrl_hs |  MixColumns  | return value |
|ap_idle         | out |    1| ap_ctrl_hs |  MixColumns  | return value |
|ap_ready        | out |    1| ap_ctrl_hs |  MixColumns  | return value |
|state_address0  | out |    4|  ap_memory |     state    |     array    |
|state_ce0       | out |    1|  ap_memory |     state    |     array    |
|state_we0       | out |    1|  ap_memory |     state    |     array    |
|state_d0        | out |    8|  ap_memory |     state    |     array    |
|state_q0        |  in |    8|  ap_memory |     state    |     array    |
|state_address1  | out |    4|  ap_memory |     state    |     array    |
|state_ce1       | out |    1|  ap_memory |     state    |     array    |
|state_we1       | out |    1|  ap_memory |     state    |     array    |
|state_d1        | out |    8|  ap_memory |     state    |     array    |
|state_q1        |  in |    8|  ap_memory |     state    |     array    |
+----------------+-----+-----+------------+--------------+--------------+

