

================================================================
== Vivado HLS Report for 'AES256_ECB_1'
================================================================
* Date:           Wed May 13 21:28:53 2020

* Version:        2019.2 (Build 2704478 on Wed Nov 06 22:10:23 MST 2019)
* Project:        picnic1
* Solution:       keypair
* Product family: artix7
* Target device:  xc7a200t-fbg676-2


================================================================
== Performance Estimates
================================================================
+ Timing: 
    * Summary: 
    +--------+----------+----------+------------+
    |  Clock |  Target  | Estimated| Uncertainty|
    +--------+----------+----------+------------+
    |ap_clk  | 10.00 ns | 6.344 ns |   1.25 ns  |
    +--------+----------+----------+------------+

+ Latency: 
    * Summary: 
    +---------+---------+-----------+-----------+------+------+---------+
    |  Latency (cycles) |   Latency (absolute)  |   Interval  | Pipeline|
    |   min   |   max   |    min    |    max    |  min |  max |   Type  |
    +---------+---------+-----------+-----------+------+------+---------+
    |     3298|     4598| 32.980 us | 45.980 us |  3298|  4598|   none  |
    +---------+---------+-----------+-----------+------+------+---------+

    + Detail: 
        * Instance: 
        +-------------------------+--------------+---------+---------+-----------+-----------+------+------+---------+
        |                         |              |  Latency (cycles) |   Latency (absolute)  |   Interval  | Pipeline|
        |         Instance        |    Module    |   min   |   max   |    min    |    max    |  min |  max |   Type  |
        +-------------------------+--------------+---------+---------+-----------+-----------+------+------+---------+
        |grp_KeyExpansion_fu_133  |KeyExpansion  |     1382|     2682| 13.820 us | 26.820 us |  1382|  2682|   none  |
        |grp_Cipher_fu_145        |Cipher        |     1832|     1832| 18.320 us | 18.320 us |  1832|  1832|   none  |
        +-------------------------+--------------+---------+---------+-----------+-----------+------+------+---------+

        * Loop: 
        +-------------+---------+---------+----------+-----------+-----------+------+----------+
        |             |  Latency (cycles) | Iteration|  Initiation Interval  | Trip |          |
        |  Loop Name  |   min   |   max   |  Latency |  achieved |   target  | Count| Pipelined|
        +-------------+---------+---------+----------+-----------+-----------+------+----------+
        |- Loop 1     |       40|       40|        10|          -|          -|     4|    no    |
        | + Loop 1.1  |        8|        8|         2|          -|          -|     4|    no    |
        |- Loop 2     |       40|       40|        10|          -|          -|     4|    no    |
        | + Loop 2.1  |        8|        8|         2|          -|          -|     4|    no    |
        +-------------+---------+---------+----------+-----------+-----------+------+----------+

============================================================
+ Verbose Summary: Synthesis Manager
============================================================
InlineROM: 1
ExposeGlobal: 1
============================================================
+ Verbose Summary: CDFG Model
============================================================
IsTopModel: 0
ResetActiveHigh: 1
IsCombinational: 0
IsDatapathOnly: 0
HasWiredReturn: 1
HasMFsm: 0
HasVarLatency: 1
IsPipeline: 0
IsRtlPipelined: 0
IsInstanceOverlapped: 0
IsDontTouch: 0
HasImplIP: 0
IsGatedGlobalClock: 0


============================================================
+ Verbose Summary: Schedule
============================================================
* Number of FSM states : 9
* Pipeline : 0
* Dataflow Pipeline: 0

* FSM state transitions: 
1 --> 2 
2 --> 3 
3 --> 6 4 
4 --> 5 3 
5 --> 4 
6 --> 7 
7 --> 8 
8 --> 9 7 
9 --> 8 

* FSM state operations: 

State 1 <SV = 0> <Delay = 2.77>
ST_1 : Operation 10 [1/1] (2.77ns)   --->   "%ctx_RoundKey = alloca [240 x i8], align 1" [NIST-KATs/rng.c:147]   --->   Operation 10 'alloca' 'ctx_RoundKey' <Predicate = true> <Delay = 2.77>
ST_1 : Operation 11 [1/1] (1.75ns)   --->   "%test = alloca [16 x i8], align 1" [NIST-KATs/rng.c:161]   --->   Operation 11 'alloca' 'test' <Predicate = true> <Delay = 1.75> <Core = "RAM">   --->   Core 37 'RAM' <Latency = 1> <II = 1> <Delay = 1.75> <Storage> <Opcode : 'load' 'store'> <Ports = 2> <Width = 8> <Depth = 16> <RAM>
ST_1 : Operation 12 [2/2] (0.00ns)   --->   "call fastcc void @KeyExpansion([240 x i8]* %ctx_RoundKey, [32 x i8]* %key)" [NIST-KATs/aes.c:242->NIST-KATs/rng.c:152]   --->   Operation 12 'call' <Predicate = true> <Delay = 0.00> <CoreType = "Generic">   --->   Core 0 '' <Latency = 0> <II = 1> <Delay = 1.00> <Generic> <Opcode : >

State 2 <SV = 1> <Delay = 1.35>
ST_2 : Operation 13 [1/2] (0.00ns)   --->   "call fastcc void @KeyExpansion([240 x i8]* %ctx_RoundKey, [32 x i8]* %key)" [NIST-KATs/aes.c:242->NIST-KATs/rng.c:152]   --->   Operation 13 'call' <Predicate = true> <Delay = 0.00> <CoreType = "Generic">   --->   Core 0 '' <Latency = 0> <II = 1> <Delay = 1.00> <Generic> <Opcode : >
ST_2 : Operation 14 [1/1] (1.35ns)   --->   "br label %.loopexit1" [NIST-KATs/rng.c:164]   --->   Operation 14 'br' <Predicate = true> <Delay = 1.35>

State 3 <SV = 2> <Delay = 1.35>
ST_3 : Operation 15 [1/1] (0.00ns)   --->   "%i_0 = phi i3 [ 0, %0 ], [ %i, %.loopexit1.loopexit ]"   --->   Operation 15 'phi' 'i_0' <Predicate = true> <Delay = 0.00>
ST_3 : Operation 16 [1/1] (1.00ns)   --->   "%icmp_ln164 = icmp eq i3 %i_0, -4" [NIST-KATs/rng.c:164]   --->   Operation 16 'icmp' 'icmp_ln164' <Predicate = true> <Delay = 1.00> <Core = "Cmp">   --->   Core 25 'Cmp' <Latency = 0> <II = 1> <Delay = 1.00> <FuncUnit> <Opcode : 'icmp'> <InPorts = 2> <OutPorts = 1>
ST_3 : Operation 17 [1/1] (0.00ns)   --->   "%empty = call i32 (...)* @_ssdm_op_SpecLoopTripCount(i64 4, i64 4, i64 4)"   --->   Operation 17 'speclooptripcount' 'empty' <Predicate = true> <Delay = 0.00>
ST_3 : Operation 18 [1/1] (1.34ns)   --->   "%i = add i3 %i_0, 1" [NIST-KATs/rng.c:164]   --->   Operation 18 'add' 'i' <Predicate = true> <Delay = 1.34> <Core = "AddSub">   --->   Core 14 'AddSub' <Latency = 0> <II = 1> <Delay = 1.49> <FuncUnit> <Opcode : 'add' 'sub'> <InPorts = 2> <OutPorts = 1>
ST_3 : Operation 19 [1/1] (0.00ns)   --->   "br i1 %icmp_ln164, label %2, label %.preheader1.preheader" [NIST-KATs/rng.c:164]   --->   Operation 19 'br' <Predicate = true> <Delay = 0.00>
ST_3 : Operation 20 [1/1] (0.00ns)   --->   "%trunc_ln168 = trunc i3 %i_0 to i2" [NIST-KATs/rng.c:168]   --->   Operation 20 'trunc' 'trunc_ln168' <Predicate = (!icmp_ln164)> <Delay = 0.00>
ST_3 : Operation 21 [1/1] (0.00ns)   --->   "%shl_ln = call i4 @_ssdm_op_BitConcatenate.i4.i2.i2(i2 %trunc_ln168, i2 0)" [NIST-KATs/rng.c:168]   --->   Operation 21 'bitconcatenate' 'shl_ln' <Predicate = (!icmp_ln164)> <Delay = 0.00>
ST_3 : Operation 22 [1/1] (0.00ns)   --->   "%tmp_s = call i5 @_ssdm_op_BitConcatenate.i5.i3.i2(i3 %i_0, i2 0)" [NIST-KATs/rng.c:168]   --->   Operation 22 'bitconcatenate' 'tmp_s' <Predicate = (!icmp_ln164)> <Delay = 0.00>
ST_3 : Operation 23 [1/1] (0.00ns)   --->   "%zext_ln166 = zext i5 %tmp_s to i6" [NIST-KATs/rng.c:166]   --->   Operation 23 'zext' 'zext_ln166' <Predicate = (!icmp_ln164)> <Delay = 0.00>
ST_3 : Operation 24 [1/1] (1.35ns)   --->   "br label %.preheader1" [NIST-KATs/rng.c:166]   --->   Operation 24 'br' <Predicate = (!icmp_ln164)> <Delay = 1.35>
ST_3 : Operation 25 [2/2] (0.00ns)   --->   "call fastcc void @Cipher([16 x i8]* %test, [240 x i8]* %ctx_RoundKey)" [NIST-KATs/aes.c:487->NIST-KATs/rng.c:188]   --->   Operation 25 'call' <Predicate = (icmp_ln164)> <Delay = 0.00> <CoreType = "Generic">   --->   Core 0 '' <Latency = 0> <II = 1> <Delay = 1.00> <Generic> <Opcode : >

State 4 <SV = 3> <Delay = 3.24>
ST_4 : Operation 26 [1/1] (0.00ns)   --->   "%j_0 = phi i3 [ %j, %1 ], [ 0, %.preheader1.preheader ]"   --->   Operation 26 'phi' 'j_0' <Predicate = true> <Delay = 0.00>
ST_4 : Operation 27 [1/1] (1.00ns)   --->   "%icmp_ln166 = icmp eq i3 %j_0, -4" [NIST-KATs/rng.c:166]   --->   Operation 27 'icmp' 'icmp_ln166' <Predicate = true> <Delay = 1.00> <Core = "Cmp">   --->   Core 25 'Cmp' <Latency = 0> <II = 1> <Delay = 1.00> <FuncUnit> <Opcode : 'icmp'> <InPorts = 2> <OutPorts = 1>
ST_4 : Operation 28 [1/1] (0.00ns)   --->   "%empty_137 = call i32 (...)* @_ssdm_op_SpecLoopTripCount(i64 4, i64 4, i64 4)"   --->   Operation 28 'speclooptripcount' 'empty_137' <Predicate = true> <Delay = 0.00>
ST_4 : Operation 29 [1/1] (1.34ns)   --->   "%j = add i3 %j_0, 1" [NIST-KATs/rng.c:166]   --->   Operation 29 'add' 'j' <Predicate = true> <Delay = 1.34> <Core = "AddSub">   --->   Core 14 'AddSub' <Latency = 0> <II = 1> <Delay = 1.49> <FuncUnit> <Opcode : 'add' 'sub'> <InPorts = 2> <OutPorts = 1>
ST_4 : Operation 30 [1/1] (0.00ns)   --->   "br i1 %icmp_ln166, label %.loopexit1.loopexit, label %1" [NIST-KATs/rng.c:166]   --->   Operation 30 'br' <Predicate = true> <Delay = 0.00>
ST_4 : Operation 31 [1/1] (0.00ns)   --->   "%zext_ln168 = zext i3 %j_0 to i4" [NIST-KATs/rng.c:168]   --->   Operation 31 'zext' 'zext_ln168' <Predicate = (!icmp_ln166)> <Delay = 0.00>
ST_4 : Operation 32 [1/1] (1.49ns)   --->   "%add_ln168 = add i4 %zext_ln168, %shl_ln" [NIST-KATs/rng.c:168]   --->   Operation 32 'add' 'add_ln168' <Predicate = (!icmp_ln166)> <Delay = 1.49> <Core = "AddSub">   --->   Core 14 'AddSub' <Latency = 0> <II = 1> <Delay = 1.49> <FuncUnit> <Opcode : 'add' 'sub'> <InPorts = 2> <OutPorts = 1>
ST_4 : Operation 33 [1/1] (0.00ns)   --->   "%zext_ln168_1 = zext i4 %add_ln168 to i64" [NIST-KATs/rng.c:168]   --->   Operation 33 'zext' 'zext_ln168_1' <Predicate = (!icmp_ln166)> <Delay = 0.00>
ST_4 : Operation 34 [1/1] (0.00ns)   --->   "%ctr_addr = getelementptr [16 x i8]* %ctr, i64 0, i64 %zext_ln168_1" [NIST-KATs/rng.c:168]   --->   Operation 34 'getelementptr' 'ctr_addr' <Predicate = (!icmp_ln166)> <Delay = 0.00>
ST_4 : Operation 35 [2/2] (1.75ns)   --->   "%ctr_load = load i8* %ctr_addr, align 1" [NIST-KATs/rng.c:168]   --->   Operation 35 'load' 'ctr_load' <Predicate = (!icmp_ln166)> <Delay = 1.75> <Core = "RAM">   --->   Core 37 'RAM' <Latency = 1> <II = 1> <Delay = 1.75> <Storage> <Opcode : 'load' 'store'> <Ports = 2> <Width = 8> <Depth = 16> <RAM>
ST_4 : Operation 36 [1/1] (0.00ns)   --->   "%zext_ln168_2 = zext i3 %j_0 to i6" [NIST-KATs/rng.c:168]   --->   Operation 36 'zext' 'zext_ln168_2' <Predicate = (!icmp_ln166)> <Delay = 0.00>
ST_4 : Operation 37 [1/1] (1.54ns)   --->   "%add_ln168_1 = add i6 %zext_ln166, %zext_ln168_2" [NIST-KATs/rng.c:168]   --->   Operation 37 'add' 'add_ln168_1' <Predicate = (!icmp_ln166)> <Delay = 1.54> <Core = "AddSub">   --->   Core 14 'AddSub' <Latency = 0> <II = 1> <Delay = 1.49> <FuncUnit> <Opcode : 'add' 'sub'> <InPorts = 2> <OutPorts = 1>
ST_4 : Operation 38 [1/1] (0.00ns)   --->   "br label %.loopexit1"   --->   Operation 38 'br' <Predicate = (icmp_ln166)> <Delay = 0.00>

State 5 <SV = 4> <Delay = 3.51>
ST_5 : Operation 39 [1/2] (1.75ns)   --->   "%ctr_load = load i8* %ctr_addr, align 1" [NIST-KATs/rng.c:168]   --->   Operation 39 'load' 'ctr_load' <Predicate = true> <Delay = 1.75> <Core = "RAM">   --->   Core 37 'RAM' <Latency = 1> <II = 1> <Delay = 1.75> <Storage> <Opcode : 'load' 'store'> <Ports = 2> <Width = 8> <Depth = 16> <RAM>
ST_5 : Operation 40 [1/1] (0.00ns)   --->   "%zext_ln168_3 = zext i6 %add_ln168_1 to i64" [NIST-KATs/rng.c:168]   --->   Operation 40 'zext' 'zext_ln168_3' <Predicate = true> <Delay = 0.00>
ST_5 : Operation 41 [1/1] (0.00ns)   --->   "%test_addr = getelementptr [16 x i8]* %test, i64 0, i64 %zext_ln168_3" [NIST-KATs/rng.c:168]   --->   Operation 41 'getelementptr' 'test_addr' <Predicate = true> <Delay = 0.00>
ST_5 : Operation 42 [1/1] (1.75ns)   --->   "store i8 %ctr_load, i8* %test_addr, align 1" [NIST-KATs/rng.c:168]   --->   Operation 42 'store' <Predicate = true> <Delay = 1.75> <Core = "RAM">   --->   Core 37 'RAM' <Latency = 1> <II = 1> <Delay = 1.75> <Storage> <Opcode : 'load' 'store'> <Ports = 2> <Width = 8> <Depth = 16> <RAM>
ST_5 : Operation 43 [1/1] (0.00ns)   --->   "br label %.preheader1" [NIST-KATs/rng.c:166]   --->   Operation 43 'br' <Predicate = true> <Delay = 0.00>

State 6 <SV = 3> <Delay = 1.35>
ST_6 : Operation 44 [1/2] (0.00ns)   --->   "call fastcc void @Cipher([16 x i8]* %test, [240 x i8]* %ctx_RoundKey)" [NIST-KATs/aes.c:487->NIST-KATs/rng.c:188]   --->   Operation 44 'call' <Predicate = true> <Delay = 0.00> <CoreType = "Generic">   --->   Core 0 '' <Latency = 0> <II = 1> <Delay = 1.00> <Generic> <Opcode : >
ST_6 : Operation 45 [1/1] (1.35ns)   --->   "br label %.loopexit" [NIST-KATs/rng.c:191]   --->   Operation 45 'br' <Predicate = true> <Delay = 1.35>

State 7 <SV = 4> <Delay = 1.35>
ST_7 : Operation 46 [1/1] (0.00ns)   --->   "%i_1 = phi i3 [ 0, %2 ], [ %i_10, %.loopexit.loopexit ]"   --->   Operation 46 'phi' 'i_1' <Predicate = true> <Delay = 0.00>
ST_7 : Operation 47 [1/1] (1.00ns)   --->   "%icmp_ln191 = icmp eq i3 %i_1, -4" [NIST-KATs/rng.c:191]   --->   Operation 47 'icmp' 'icmp_ln191' <Predicate = true> <Delay = 1.00> <Core = "Cmp">   --->   Core 25 'Cmp' <Latency = 0> <II = 1> <Delay = 1.00> <FuncUnit> <Opcode : 'icmp'> <InPorts = 2> <OutPorts = 1>
ST_7 : Operation 48 [1/1] (0.00ns)   --->   "%empty_138 = call i32 (...)* @_ssdm_op_SpecLoopTripCount(i64 4, i64 4, i64 4)"   --->   Operation 48 'speclooptripcount' 'empty_138' <Predicate = true> <Delay = 0.00>
ST_7 : Operation 49 [1/1] (1.34ns)   --->   "%i_10 = add i3 %i_1, 1" [NIST-KATs/rng.c:191]   --->   Operation 49 'add' 'i_10' <Predicate = true> <Delay = 1.34> <Core = "AddSub">   --->   Core 14 'AddSub' <Latency = 0> <II = 1> <Delay = 1.49> <FuncUnit> <Opcode : 'add' 'sub'> <InPorts = 2> <OutPorts = 1>
ST_7 : Operation 50 [1/1] (0.00ns)   --->   "br i1 %icmp_ln191, label %4, label %.preheader.preheader" [NIST-KATs/rng.c:191]   --->   Operation 50 'br' <Predicate = true> <Delay = 0.00>
ST_7 : Operation 51 [1/1] (0.00ns)   --->   "%tmp_3 = call i5 @_ssdm_op_BitConcatenate.i5.i3.i2(i3 %i_1, i2 0)" [NIST-KATs/rng.c:195]   --->   Operation 51 'bitconcatenate' 'tmp_3' <Predicate = (!icmp_ln191)> <Delay = 0.00>
ST_7 : Operation 52 [1/1] (0.00ns)   --->   "%zext_ln195 = zext i5 %tmp_3 to i6" [NIST-KATs/rng.c:195]   --->   Operation 52 'zext' 'zext_ln195' <Predicate = (!icmp_ln191)> <Delay = 0.00>
ST_7 : Operation 53 [1/1] (0.00ns)   --->   "%trunc_ln195 = trunc i3 %i_1 to i2" [NIST-KATs/rng.c:195]   --->   Operation 53 'trunc' 'trunc_ln195' <Predicate = (!icmp_ln191)> <Delay = 0.00>
ST_7 : Operation 54 [1/1] (0.00ns)   --->   "%shl_ln2 = call i4 @_ssdm_op_BitConcatenate.i4.i2.i2(i2 %trunc_ln195, i2 0)" [NIST-KATs/rng.c:195]   --->   Operation 54 'bitconcatenate' 'shl_ln2' <Predicate = (!icmp_ln191)> <Delay = 0.00>
ST_7 : Operation 55 [1/1] (1.35ns)   --->   "br label %.preheader" [NIST-KATs/rng.c:193]   --->   Operation 55 'br' <Predicate = (!icmp_ln191)> <Delay = 1.35>
ST_7 : Operation 56 [1/1] (0.00ns)   --->   "ret void" [NIST-KATs/rng.c:219]   --->   Operation 56 'ret' <Predicate = (icmp_ln191)> <Delay = 0.00>

State 8 <SV = 5> <Delay = 3.30>
ST_8 : Operation 57 [1/1] (0.00ns)   --->   "%j_1 = phi i3 [ %j_8, %3 ], [ 0, %.preheader.preheader ]"   --->   Operation 57 'phi' 'j_1' <Predicate = true> <Delay = 0.00>
ST_8 : Operation 58 [1/1] (1.00ns)   --->   "%icmp_ln193 = icmp eq i3 %j_1, -4" [NIST-KATs/rng.c:193]   --->   Operation 58 'icmp' 'icmp_ln193' <Predicate = true> <Delay = 1.00> <Core = "Cmp">   --->   Core 25 'Cmp' <Latency = 0> <II = 1> <Delay = 1.00> <FuncUnit> <Opcode : 'icmp'> <InPorts = 2> <OutPorts = 1>
ST_8 : Operation 59 [1/1] (0.00ns)   --->   "%empty_139 = call i32 (...)* @_ssdm_op_SpecLoopTripCount(i64 4, i64 4, i64 4)"   --->   Operation 59 'speclooptripcount' 'empty_139' <Predicate = true> <Delay = 0.00>
ST_8 : Operation 60 [1/1] (1.34ns)   --->   "%j_8 = add i3 %j_1, 1" [NIST-KATs/rng.c:193]   --->   Operation 60 'add' 'j_8' <Predicate = true> <Delay = 1.34> <Core = "AddSub">   --->   Core 14 'AddSub' <Latency = 0> <II = 1> <Delay = 1.49> <FuncUnit> <Opcode : 'add' 'sub'> <InPorts = 2> <OutPorts = 1>
ST_8 : Operation 61 [1/1] (0.00ns)   --->   "br i1 %icmp_ln193, label %.loopexit.loopexit, label %3" [NIST-KATs/rng.c:193]   --->   Operation 61 'br' <Predicate = true> <Delay = 0.00>
ST_8 : Operation 62 [1/1] (0.00ns)   --->   "%zext_ln195_1 = zext i3 %j_1 to i6" [NIST-KATs/rng.c:195]   --->   Operation 62 'zext' 'zext_ln195_1' <Predicate = (!icmp_ln193)> <Delay = 0.00>
ST_8 : Operation 63 [1/1] (1.54ns)   --->   "%add_ln195_1 = add i6 %zext_ln195, %zext_ln195_1" [NIST-KATs/rng.c:195]   --->   Operation 63 'add' 'add_ln195_1' <Predicate = (!icmp_ln193)> <Delay = 1.54> <Core = "AddSub">   --->   Core 14 'AddSub' <Latency = 0> <II = 1> <Delay = 1.49> <FuncUnit> <Opcode : 'add' 'sub'> <InPorts = 2> <OutPorts = 1>
ST_8 : Operation 64 [1/1] (0.00ns)   --->   "%zext_ln195_4 = zext i6 %add_ln195_1 to i64" [NIST-KATs/rng.c:195]   --->   Operation 64 'zext' 'zext_ln195_4' <Predicate = (!icmp_ln193)> <Delay = 0.00>
ST_8 : Operation 65 [1/1] (0.00ns)   --->   "%test_addr_1 = getelementptr [16 x i8]* %test, i64 0, i64 %zext_ln195_4" [NIST-KATs/rng.c:195]   --->   Operation 65 'getelementptr' 'test_addr_1' <Predicate = (!icmp_ln193)> <Delay = 0.00>
ST_8 : Operation 66 [2/2] (1.75ns)   --->   "%test_load = load i8* %test_addr_1, align 1" [NIST-KATs/rng.c:195]   --->   Operation 66 'load' 'test_load' <Predicate = (!icmp_ln193)> <Delay = 1.75> <Core = "RAM">   --->   Core 37 'RAM' <Latency = 1> <II = 1> <Delay = 1.75> <Storage> <Opcode : 'load' 'store'> <Ports = 2> <Width = 8> <Depth = 16> <RAM>
ST_8 : Operation 67 [1/1] (0.00ns)   --->   "%zext_ln195_2 = zext i3 %j_1 to i4" [NIST-KATs/rng.c:195]   --->   Operation 67 'zext' 'zext_ln195_2' <Predicate = (!icmp_ln193)> <Delay = 0.00>
ST_8 : Operation 68 [1/1] (1.49ns)   --->   "%add_ln195 = add i4 %zext_ln195_2, %shl_ln2" [NIST-KATs/rng.c:195]   --->   Operation 68 'add' 'add_ln195' <Predicate = (!icmp_ln193)> <Delay = 1.49> <Core = "AddSub">   --->   Core 14 'AddSub' <Latency = 0> <II = 1> <Delay = 1.49> <FuncUnit> <Opcode : 'add' 'sub'> <InPorts = 2> <OutPorts = 1>
ST_8 : Operation 69 [1/1] (0.00ns)   --->   "br label %.loopexit"   --->   Operation 69 'br' <Predicate = (icmp_ln193)> <Delay = 0.00>

State 9 <SV = 6> <Delay = 3.51>
ST_9 : Operation 70 [1/2] (1.75ns)   --->   "%test_load = load i8* %test_addr_1, align 1" [NIST-KATs/rng.c:195]   --->   Operation 70 'load' 'test_load' <Predicate = true> <Delay = 1.75> <Core = "RAM">   --->   Core 37 'RAM' <Latency = 1> <II = 1> <Delay = 1.75> <Storage> <Opcode : 'load' 'store'> <Ports = 2> <Width = 8> <Depth = 16> <RAM>
ST_9 : Operation 71 [1/1] (0.00ns)   --->   "%zext_ln195_3 = zext i4 %add_ln195 to i64" [NIST-KATs/rng.c:195]   --->   Operation 71 'zext' 'zext_ln195_3' <Predicate = true> <Delay = 0.00>
ST_9 : Operation 72 [1/1] (0.00ns)   --->   "%buffer_addr = getelementptr [16 x i8]* %buffer_r, i64 0, i64 %zext_ln195_3" [NIST-KATs/rng.c:195]   --->   Operation 72 'getelementptr' 'buffer_addr' <Predicate = true> <Delay = 0.00>
ST_9 : Operation 73 [1/1] (1.75ns)   --->   "store i8 %test_load, i8* %buffer_addr, align 1" [NIST-KATs/rng.c:195]   --->   Operation 73 'store' <Predicate = true> <Delay = 1.75> <Core = "RAM">   --->   Core 37 'RAM' <Latency = 1> <II = 1> <Delay = 1.75> <Storage> <Opcode : 'load' 'store'> <Ports = 2> <Width = 8> <Depth = 16> <RAM>
ST_9 : Operation 74 [1/1] (0.00ns)   --->   "br label %.preheader" [NIST-KATs/rng.c:193]   --->   Operation 74 'br' <Predicate = true> <Delay = 0.00>


============================================================
+ Verbose Summary: Binding
============================================================
STG Binding: 
---------------- STG Properties BEGIN ----------------
- Is combinational: 0
- Is one-state seq: 0
- Is datapath-only: 0
- Is pipelined: 0
- Is top level: 0
Port [ Return ] is wired: 1; IO mode=ap_ctrl_hs:ce=0
Port [ key]:  wired=1; compound=1; hidden=0; nouse=0; global=0; static=0; extern=0; dir=0; type=1; pingpong=0; private_global=0; MemPort=[13]; IO mode=ap_memory:ce=0
Port [ ctr]:  wired=1; compound=1; hidden=0; nouse=0; global=0; static=0; extern=0; dir=0; type=1; pingpong=0; private_global=0; MemPort=[13]; IO mode=ap_memory:ce=0
Port [ buffer_r]:  wired=1; compound=1; hidden=0; nouse=0; global=0; static=0; extern=0; dir=1; type=1; pingpong=0; private_global=0; MemPort=[03]; IO mode=ap_memory:ce=0
Port [ sbox]:  wired=0; compound=1; hidden=1; nouse=1; global=1; static=1; extern=0; dir=0; type=1; pingpong=0; private_global=0; linkage=7; visibility=0; MemPort=[1]; IO mode=ap_memory:ce=0
Port [ Rcon]:  wired=0; compound=1; hidden=1; nouse=1; global=1; static=1; extern=0; dir=0; type=1; pingpong=0; private_global=0; linkage=7; visibility=0; MemPort=[1]; IO mode=ap_memory:ce=0
---------------- STG Properties END ------------------

---------------- Datapath Model BEGIN ----------------

<LifeTime>
<method=bitvector/>
ctx_RoundKey (alloca           ) [ 0011111000]
test         (alloca           ) [ 0011111111]
call_ln242   (call             ) [ 0000000000]
br_ln164     (br               ) [ 0011110000]
i_0          (phi              ) [ 0001000000]
icmp_ln164   (icmp             ) [ 0001110000]
empty        (speclooptripcount) [ 0000000000]
i            (add              ) [ 0011110000]
br_ln164     (br               ) [ 0000000000]
trunc_ln168  (trunc            ) [ 0000000000]
shl_ln       (bitconcatenate   ) [ 0000110000]
tmp_s        (bitconcatenate   ) [ 0000000000]
zext_ln166   (zext             ) [ 0000110000]
br_ln166     (br               ) [ 0001110000]
j_0          (phi              ) [ 0000100000]
icmp_ln166   (icmp             ) [ 0001110000]
empty_137    (speclooptripcount) [ 0000000000]
j            (add              ) [ 0001110000]
br_ln166     (br               ) [ 0000000000]
zext_ln168   (zext             ) [ 0000000000]
add_ln168    (add              ) [ 0000000000]
zext_ln168_1 (zext             ) [ 0000000000]
ctr_addr     (getelementptr    ) [ 0000010000]
zext_ln168_2 (zext             ) [ 0000000000]
add_ln168_1  (add              ) [ 0000010000]
br_ln0       (br               ) [ 0011110000]
ctr_load     (load             ) [ 0000000000]
zext_ln168_3 (zext             ) [ 0000000000]
test_addr    (getelementptr    ) [ 0000000000]
store_ln168  (store            ) [ 0000000000]
br_ln166     (br               ) [ 0001110000]
call_ln487   (call             ) [ 0000000000]
br_ln191     (br               ) [ 0000001111]
i_1          (phi              ) [ 0000000100]
icmp_ln191   (icmp             ) [ 0000000111]
empty_138    (speclooptripcount) [ 0000000000]
i_10         (add              ) [ 0000001111]
br_ln191     (br               ) [ 0000000000]
tmp_3        (bitconcatenate   ) [ 0000000000]
zext_ln195   (zext             ) [ 0000000011]
trunc_ln195  (trunc            ) [ 0000000000]
shl_ln2      (bitconcatenate   ) [ 0000000011]
br_ln193     (br               ) [ 0000000111]
ret_ln219    (ret              ) [ 0000000000]
j_1          (phi              ) [ 0000000010]
icmp_ln193   (icmp             ) [ 0000000111]
empty_139    (speclooptripcount) [ 0000000000]
j_8          (add              ) [ 0000000111]
br_ln193     (br               ) [ 0000000000]
zext_ln195_1 (zext             ) [ 0000000000]
add_ln195_1  (add              ) [ 0000000000]
zext_ln195_4 (zext             ) [ 0000000000]
test_addr_1  (getelementptr    ) [ 0000000001]
zext_ln195_2 (zext             ) [ 0000000000]
add_ln195    (add              ) [ 0000000001]
br_ln0       (br               ) [ 0000001111]
test_load    (load             ) [ 0000000000]
zext_ln195_3 (zext             ) [ 0000000000]
buffer_addr  (getelementptr    ) [ 0000000000]
store_ln195  (store            ) [ 0000000000]
br_ln193     (br               ) [ 0000000111]
</LifeTime>

<model>

<comp_list>
<comp id="0" class="1000" name="key">
<pin_list>
<pin id="1" dir="1" index="0" bw="1" slack="0"/>
</pin_list>
<bind>
<StgValue><ssdm name="key"/><MemPortTyVec>1 3 </MemPortTyVec>
</StgValue>
</bind>
</comp>

<comp id="2" class="1000" name="ctr">
<pin_list>
<pin id="3" dir="1" index="0" bw="1" slack="0"/>
</pin_list>
<bind>
<StgValue><ssdm name="ctr"/><MemPortTyVec>1 3 </MemPortTyVec>
</StgValue>
</bind>
</comp>

<comp id="4" class="1000" name="buffer_r">
<pin_list>
<pin id="5" dir="1" index="0" bw="1" slack="0"/>
</pin_list>
<bind>
<StgValue><ssdm name="buffer_r"/><MemPortTyVec>0 3 </MemPortTyVec>
</StgValue>
</bind>
</comp>

<comp id="6" class="1000" name="sbox">
<pin_list>
<pin id="7" dir="1" index="0" bw="1" slack="0"/>
</pin_list>
<bind>
<StgValue><ssdm name="sbox"/><MemPortTyVec>1 </MemPortTyVec>
</StgValue>
</bind>
</comp>

<comp id="8" class="1000" name="Rcon">
<pin_list>
<pin id="9" dir="1" index="0" bw="1" slack="0"/>
</pin_list>
<bind>
<StgValue><ssdm name="Rcon"/><MemPortTyVec>1 </MemPortTyVec>
</StgValue>
</bind>
</comp>

<comp id="10" class="1001" name="const_10">
<pin_list>
<pin id="11" dir="1" index="0" bw="1" slack="0"/>
</pin_list>
<bind>
<StgValue><ssdm name=""/></StgValue>
</bind>
</comp>

<comp id="12" class="1001" name="const_12">
<pin_list>
<pin id="13" dir="1" index="0" bw="1" slack="0"/>
</pin_list>
<bind>
<StgValue><ssdm name="KeyExpansion"/></StgValue>
</bind>
</comp>

<comp id="14" class="1001" name="const_14">
<pin_list>
<pin id="15" dir="1" index="0" bw="1" slack="1"/>
</pin_list>
<bind>
<StgValue><ssdm name=""/></StgValue>
</bind>
</comp>

<comp id="16" class="1001" name="const_16">
<pin_list>
<pin id="17" dir="1" index="0" bw="1" slack="0"/>
</pin_list>
<bind>
<StgValue><ssdm name=""/></StgValue>
</bind>
</comp>

<comp id="18" class="1001" name="const_18">
<pin_list>
<pin id="19" dir="1" index="0" bw="1" slack="2147483647"/>
</pin_list>
<bind>
<StgValue><ssdm name="_ssdm_op_SpecLoopTripCount"/></StgValue>
</bind>
</comp>

<comp id="20" class="1001" name="const_20">
<pin_list>
<pin id="21" dir="1" index="0" bw="1" slack="2147483647"/>
</pin_list>
<bind>
<StgValue><ssdm name=""/></StgValue>
</bind>
</comp>

<comp id="22" class="1001" name="const_22">
<pin_list>
<pin id="23" dir="1" index="0" bw="1" slack="0"/>
</pin_list>
<bind>
<StgValue><ssdm name=""/></StgValue>
</bind>
</comp>

<comp id="24" class="1001" name="const_24">
<pin_list>
<pin id="25" dir="1" index="0" bw="1" slack="0"/>
</pin_list>
<bind>
<StgValue><ssdm name="_ssdm_op_BitConcatenate.i4.i2.i2"/></StgValue>
</bind>
</comp>

<comp id="26" class="1001" name="const_26">
<pin_list>
<pin id="27" dir="1" index="0" bw="1" slack="0"/>
</pin_list>
<bind>
<StgValue><ssdm name=""/></StgValue>
</bind>
</comp>

<comp id="28" class="1001" name="const_28">
<pin_list>
<pin id="29" dir="1" index="0" bw="1" slack="0"/>
</pin_list>
<bind>
<StgValue><ssdm name="_ssdm_op_BitConcatenate.i5.i3.i2"/></StgValue>
</bind>
</comp>

<comp id="30" class="1001" name="const_30">
<pin_list>
<pin id="31" dir="1" index="0" bw="1" slack="0"/>
</pin_list>
<bind>
<StgValue><ssdm name="Cipher"/></StgValue>
</bind>
</comp>

<comp id="32" class="1001" name="const_32">
<pin_list>
<pin id="33" dir="1" index="0" bw="1" slack="0"/>
</pin_list>
<bind>
<StgValue><ssdm name=""/></StgValue>
</bind>
</comp>

<comp id="34" class="1004" name="ctx_RoundKey_alloca_fu_34">
<pin_list>
<pin id="35" dir="0" index="0" bw="1" slack="0"/>
<pin id="36" dir="1" index="1" bw="8" slack="0"/>
</pin_list>
<bind>
<opcode="alloca(26) " fcode="alloca"/>
<opset="ctx_RoundKey/1 "/>
</bind>
</comp>

<comp id="38" class="1004" name="test_alloca_fu_38">
<pin_list>
<pin id="39" dir="0" index="0" bw="1" slack="0"/>
<pin id="40" dir="1" index="1" bw="8" slack="2147483647"/>
</pin_list>
<bind>
<opcode="alloca(26) " fcode="alloca"/>
<opset="test/1 "/>
</bind>
</comp>

<comp id="42" class="1004" name="ctr_addr_gep_fu_42">
<pin_list>
<pin id="43" dir="0" index="0" bw="8" slack="0"/>
<pin id="44" dir="0" index="1" bw="1" slack="0"/>
<pin id="45" dir="0" index="2" bw="4" slack="0"/>
<pin id="46" dir="1" index="3" bw="4" slack="0"/>
</pin_list>
<bind>
<opcode="getelementptr(29) " fcode="getelementptr"/>
<opset="ctr_addr/4 "/>
</bind>
</comp>

<comp id="49" class="1004" name="grp_access_fu_49">
<pin_list>
<pin id="50" dir="0" index="0" bw="4" slack="0"/>
<pin id="51" dir="0" index="1" bw="8" slack="2147483647"/>
<pin id="52" dir="0" index="2" bw="0" slack="2147483647"/>
<pin id="53" dir="1" index="3" bw="8" slack="0"/>
</pin_list>
<bind>
<opcode="load(27) " fcode="load"/>
<opset="ctr_load/4 "/>
</bind>
</comp>

<comp id="55" class="1004" name="test_addr_gep_fu_55">
<pin_list>
<pin id="56" dir="0" index="0" bw="8" slack="2147483647"/>
<pin id="57" dir="0" index="1" bw="1" slack="0"/>
<pin id="58" dir="0" index="2" bw="6" slack="0"/>
<pin id="59" dir="1" index="3" bw="4" slack="0"/>
</pin_list>
<bind>
<opcode="getelementptr(29) " fcode="getelementptr"/>
<opset="test_addr/5 "/>
</bind>
</comp>

<comp id="61" class="1004" name="grp_access_fu_61">
<pin_list>
<pin id="62" dir="0" index="0" bw="4" slack="0"/>
<pin id="63" dir="0" index="1" bw="8" slack="0"/>
<pin id="64" dir="0" index="2" bw="0" slack="2147483647"/>
<pin id="65" dir="1" index="3" bw="8" slack="0"/>
</pin_list>
<bind>
<opcode="load(27) store(28) " fcode="load"/>
<opset="store_ln168/5 test_load/8 "/>
</bind>
</comp>

<comp id="68" class="1004" name="test_addr_1_gep_fu_68">
<pin_list>
<pin id="69" dir="0" index="0" bw="8" slack="2147483647"/>
<pin id="70" dir="0" index="1" bw="1" slack="0"/>
<pin id="71" dir="0" index="2" bw="6" slack="0"/>
<pin id="72" dir="1" index="3" bw="4" slack="0"/>
</pin_list>
<bind>
<opcode="getelementptr(29) " fcode="getelementptr"/>
<opset="test_addr_1/8 "/>
</bind>
</comp>

<comp id="75" class="1004" name="buffer_addr_gep_fu_75">
<pin_list>
<pin id="76" dir="0" index="0" bw="8" slack="0"/>
<pin id="77" dir="0" index="1" bw="1" slack="0"/>
<pin id="78" dir="0" index="2" bw="4" slack="0"/>
<pin id="79" dir="1" index="3" bw="4" slack="0"/>
</pin_list>
<bind>
<opcode="getelementptr(29) " fcode="getelementptr"/>
<opset="buffer_addr/9 "/>
</bind>
</comp>

<comp id="82" class="1004" name="store_ln195_access_fu_82">
<pin_list>
<pin id="83" dir="0" index="0" bw="4" slack="0"/>
<pin id="84" dir="0" index="1" bw="8" slack="0"/>
<pin id="85" dir="0" index="2" bw="0" slack="2147483647"/>
<pin id="86" dir="1" index="3" bw="8" slack="2147483647"/>
</pin_list>
<bind>
<opcode="store(28) " fcode="store"/>
<opset="store_ln195/9 "/>
</bind>
</comp>

<comp id="89" class="1005" name="i_0_reg_89">
<pin_list>
<pin id="90" dir="0" index="0" bw="3" slack="1"/>
<pin id="91" dir="1" index="1" bw="3" slack="1"/>
</pin_list>
<bind>
<opset="i_0 (phireg) "/>
</bind>
</comp>

<comp id="93" class="1004" name="i_0_phi_fu_93">
<pin_list>
<pin id="94" dir="0" index="0" bw="1" slack="1"/>
<pin id="95" dir="0" index="1" bw="0" slack="2147483647"/>
<pin id="96" dir="0" index="2" bw="3" slack="0"/>
<pin id="97" dir="0" index="3" bw="0" slack="2147483647"/>
<pin id="98" dir="1" index="4" bw="3" slack="0"/>
</pin_list>
<bind>
<opcode="phi(47) " fcode="phi"/>
<opset="i_0/3 "/>
</bind>
</comp>

<comp id="100" class="1005" name="j_0_reg_100">
<pin_list>
<pin id="101" dir="0" index="0" bw="3" slack="1"/>
<pin id="102" dir="1" index="1" bw="3" slack="1"/>
</pin_list>
<bind>
<opset="j_0 (phireg) "/>
</bind>
</comp>

<comp id="104" class="1004" name="j_0_phi_fu_104">
<pin_list>
<pin id="105" dir="0" index="0" bw="3" slack="0"/>
<pin id="106" dir="0" index="1" bw="0" slack="2147483647"/>
<pin id="107" dir="0" index="2" bw="1" slack="1"/>
<pin id="108" dir="0" index="3" bw="0" slack="2147483647"/>
<pin id="109" dir="1" index="4" bw="3" slack="0"/>
</pin_list>
<bind>
<opcode="phi(47) " fcode="phi"/>
<opset="j_0/4 "/>
</bind>
</comp>

<comp id="111" class="1005" name="i_1_reg_111">
<pin_list>
<pin id="112" dir="0" index="0" bw="3" slack="1"/>
<pin id="113" dir="1" index="1" bw="3" slack="1"/>
</pin_list>
<bind>
<opset="i_1 (phireg) "/>
</bind>
</comp>

<comp id="115" class="1004" name="i_1_phi_fu_115">
<pin_list>
<pin id="116" dir="0" index="0" bw="1" slack="1"/>
<pin id="117" dir="0" index="1" bw="0" slack="2147483647"/>
<pin id="118" dir="0" index="2" bw="3" slack="0"/>
<pin id="119" dir="0" index="3" bw="0" slack="2147483647"/>
<pin id="120" dir="1" index="4" bw="3" slack="0"/>
</pin_list>
<bind>
<opcode="phi(47) " fcode="phi"/>
<opset="i_1/7 "/>
</bind>
</comp>

<comp id="122" class="1005" name="j_1_reg_122">
<pin_list>
<pin id="123" dir="0" index="0" bw="3" slack="1"/>
<pin id="124" dir="1" index="1" bw="3" slack="1"/>
</pin_list>
<bind>
<opset="j_1 (phireg) "/>
</bind>
</comp>

<comp id="126" class="1004" name="j_1_phi_fu_126">
<pin_list>
<pin id="127" dir="0" index="0" bw="3" slack="0"/>
<pin id="128" dir="0" index="1" bw="0" slack="2147483647"/>
<pin id="129" dir="0" index="2" bw="1" slack="1"/>
<pin id="130" dir="0" index="3" bw="0" slack="2147483647"/>
<pin id="131" dir="1" index="4" bw="3" slack="0"/>
</pin_list>
<bind>
<opcode="phi(47) " fcode="phi"/>
<opset="j_1/8 "/>
</bind>
</comp>

<comp id="133" class="1004" name="grp_KeyExpansion_fu_133">
<pin_list>
<pin id="134" dir="0" index="0" bw="0" slack="0"/>
<pin id="135" dir="0" index="1" bw="8" slack="0"/>
<pin id="136" dir="0" index="2" bw="8" slack="0"/>
<pin id="137" dir="0" index="3" bw="8" slack="0"/>
<pin id="138" dir="0" index="4" bw="8" slack="0"/>
<pin id="139" dir="1" index="5" bw="0" slack="2147483647"/>
</pin_list>
<bind>
<opcode="call(48) " fcode="call"/>
<opset="call_ln242/1 "/>
</bind>
</comp>

<comp id="145" class="1004" name="grp_Cipher_fu_145">
<pin_list>
<pin id="146" dir="0" index="0" bw="0" slack="0"/>
<pin id="147" dir="0" index="1" bw="8" slack="2147483647"/>
<pin id="148" dir="0" index="2" bw="8" slack="2147483647"/>
<pin id="149" dir="0" index="3" bw="8" slack="0"/>
<pin id="150" dir="1" index="4" bw="0" slack="2147483647"/>
</pin_list>
<bind>
<opcode="call(48) " fcode="call"/>
<opset="call_ln487/3 "/>
</bind>
</comp>

<comp id="153" class="1004" name="icmp_ln164_fu_153">
<pin_list>
<pin id="154" dir="0" index="0" bw="3" slack="0"/>
<pin id="155" dir="0" index="1" bw="3" slack="0"/>
<pin id="156" dir="1" index="2" bw="1" slack="2147483647"/>
</pin_list>
<bind>
<opcode="icmp(45) " fcode="icmp"/>
<opset="icmp_ln164/3 "/>
</bind>
</comp>

<comp id="159" class="1004" name="i_fu_159">
<pin_list>
<pin id="160" dir="0" index="0" bw="3" slack="0"/>
<pin id="161" dir="0" index="1" bw="1" slack="0"/>
<pin id="162" dir="1" index="2" bw="3" slack="0"/>
</pin_list>
<bind>
<opcode="add(8) " fcode="add"/>
<opset="i/3 "/>
</bind>
</comp>

<comp id="165" class="1004" name="trunc_ln168_fu_165">
<pin_list>
<pin id="166" dir="0" index="0" bw="3" slack="0"/>
<pin id="167" dir="1" index="1" bw="2" slack="0"/>
</pin_list>
<bind>
<opcode="trunc(33) " fcode="trunc"/>
<opset="trunc_ln168/3 "/>
</bind>
</comp>

<comp id="169" class="1004" name="shl_ln_fu_169">
<pin_list>
<pin id="170" dir="0" index="0" bw="4" slack="0"/>
<pin id="171" dir="0" index="1" bw="2" slack="0"/>
<pin id="172" dir="0" index="2" bw="1" slack="0"/>
<pin id="173" dir="1" index="3" bw="4" slack="1"/>
</pin_list>
<bind>
<opcode="bitconcatenate(1004) " fcode="bitconcatenate"/>
<opset="shl_ln/3 "/>
</bind>
</comp>

<comp id="177" class="1004" name="tmp_s_fu_177">
<pin_list>
<pin id="178" dir="0" index="0" bw="5" slack="0"/>
<pin id="179" dir="0" index="1" bw="3" slack="0"/>
<pin id="180" dir="0" index="2" bw="1" slack="0"/>
<pin id="181" dir="1" index="3" bw="5" slack="0"/>
</pin_list>
<bind>
<opcode="bitconcatenate(1004) " fcode="bitconcatenate"/>
<opset="tmp_s/3 "/>
</bind>
</comp>

<comp id="185" class="1004" name="zext_ln166_fu_185">
<pin_list>
<pin id="186" dir="0" index="0" bw="5" slack="0"/>
<pin id="187" dir="1" index="1" bw="6" slack="1"/>
</pin_list>
<bind>
<opcode="zext(34) " fcode="zext"/>
<opset="zext_ln166/3 "/>
</bind>
</comp>

<comp id="189" class="1004" name="icmp_ln166_fu_189">
<pin_list>
<pin id="190" dir="0" index="0" bw="3" slack="0"/>
<pin id="191" dir="0" index="1" bw="3" slack="0"/>
<pin id="192" dir="1" index="2" bw="1" slack="2147483647"/>
</pin_list>
<bind>
<opcode="icmp(45) " fcode="icmp"/>
<opset="icmp_ln166/4 "/>
</bind>
</comp>

<comp id="195" class="1004" name="j_fu_195">
<pin_list>
<pin id="196" dir="0" index="0" bw="3" slack="0"/>
<pin id="197" dir="0" index="1" bw="1" slack="0"/>
<pin id="198" dir="1" index="2" bw="3" slack="0"/>
</pin_list>
<bind>
<opcode="add(8) " fcode="add"/>
<opset="j/4 "/>
</bind>
</comp>

<comp id="201" class="1004" name="zext_ln168_fu_201">
<pin_list>
<pin id="202" dir="0" index="0" bw="3" slack="0"/>
<pin id="203" dir="1" index="1" bw="4" slack="0"/>
</pin_list>
<bind>
<opcode="zext(34) " fcode="zext"/>
<opset="zext_ln168/4 "/>
</bind>
</comp>

<comp id="205" class="1004" name="add_ln168_fu_205">
<pin_list>
<pin id="206" dir="0" index="0" bw="3" slack="0"/>
<pin id="207" dir="0" index="1" bw="4" slack="1"/>
<pin id="208" dir="1" index="2" bw="4" slack="0"/>
</pin_list>
<bind>
<opcode="add(8) " fcode="add"/>
<opset="add_ln168/4 "/>
</bind>
</comp>

<comp id="210" class="1004" name="zext_ln168_1_fu_210">
<pin_list>
<pin id="211" dir="0" index="0" bw="4" slack="0"/>
<pin id="212" dir="1" index="1" bw="64" slack="0"/>
</pin_list>
<bind>
<opcode="zext(34) " fcode="zext"/>
<opset="zext_ln168_1/4 "/>
</bind>
</comp>

<comp id="215" class="1004" name="zext_ln168_2_fu_215">
<pin_list>
<pin id="216" dir="0" index="0" bw="3" slack="0"/>
<pin id="217" dir="1" index="1" bw="6" slack="0"/>
</pin_list>
<bind>
<opcode="zext(34) " fcode="zext"/>
<opset="zext_ln168_2/4 "/>
</bind>
</comp>

<comp id="219" class="1004" name="add_ln168_1_fu_219">
<pin_list>
<pin id="220" dir="0" index="0" bw="5" slack="1"/>
<pin id="221" dir="0" index="1" bw="3" slack="0"/>
<pin id="222" dir="1" index="2" bw="6" slack="1"/>
</pin_list>
<bind>
<opcode="add(8) " fcode="add"/>
<opset="add_ln168_1/4 "/>
</bind>
</comp>

<comp id="224" class="1004" name="zext_ln168_3_fu_224">
<pin_list>
<pin id="225" dir="0" index="0" bw="6" slack="1"/>
<pin id="226" dir="1" index="1" bw="64" slack="0"/>
</pin_list>
<bind>
<opcode="zext(34) " fcode="zext"/>
<opset="zext_ln168_3/5 "/>
</bind>
</comp>

<comp id="228" class="1004" name="icmp_ln191_fu_228">
<pin_list>
<pin id="229" dir="0" index="0" bw="3" slack="0"/>
<pin id="230" dir="0" index="1" bw="3" slack="0"/>
<pin id="231" dir="1" index="2" bw="1" slack="2147483647"/>
</pin_list>
<bind>
<opcode="icmp(45) " fcode="icmp"/>
<opset="icmp_ln191/7 "/>
</bind>
</comp>

<comp id="234" class="1004" name="i_10_fu_234">
<pin_list>
<pin id="235" dir="0" index="0" bw="3" slack="0"/>
<pin id="236" dir="0" index="1" bw="1" slack="0"/>
<pin id="237" dir="1" index="2" bw="3" slack="0"/>
</pin_list>
<bind>
<opcode="add(8) " fcode="add"/>
<opset="i_10/7 "/>
</bind>
</comp>

<comp id="240" class="1004" name="tmp_3_fu_240">
<pin_list>
<pin id="241" dir="0" index="0" bw="5" slack="0"/>
<pin id="242" dir="0" index="1" bw="3" slack="0"/>
<pin id="243" dir="0" index="2" bw="1" slack="0"/>
<pin id="244" dir="1" index="3" bw="5" slack="0"/>
</pin_list>
<bind>
<opcode="bitconcatenate(1004) " fcode="bitconcatenate"/>
<opset="tmp_3/7 "/>
</bind>
</comp>

<comp id="248" class="1004" name="zext_ln195_fu_248">
<pin_list>
<pin id="249" dir="0" index="0" bw="5" slack="0"/>
<pin id="250" dir="1" index="1" bw="6" slack="1"/>
</pin_list>
<bind>
<opcode="zext(34) " fcode="zext"/>
<opset="zext_ln195/7 "/>
</bind>
</comp>

<comp id="252" class="1004" name="trunc_ln195_fu_252">
<pin_list>
<pin id="253" dir="0" index="0" bw="3" slack="0"/>
<pin id="254" dir="1" index="1" bw="2" slack="0"/>
</pin_list>
<bind>
<opcode="trunc(33) " fcode="trunc"/>
<opset="trunc_ln195/7 "/>
</bind>
</comp>

<comp id="256" class="1004" name="shl_ln2_fu_256">
<pin_list>
<pin id="257" dir="0" index="0" bw="4" slack="0"/>
<pin id="258" dir="0" index="1" bw="2" slack="0"/>
<pin id="259" dir="0" index="2" bw="1" slack="0"/>
<pin id="260" dir="1" index="3" bw="4" slack="1"/>
</pin_list>
<bind>
<opcode="bitconcatenate(1004) " fcode="bitconcatenate"/>
<opset="shl_ln2/7 "/>
</bind>
</comp>

<comp id="264" class="1004" name="icmp_ln193_fu_264">
<pin_list>
<pin id="265" dir="0" index="0" bw="3" slack="0"/>
<pin id="266" dir="0" index="1" bw="3" slack="0"/>
<pin id="267" dir="1" index="2" bw="1" slack="2147483647"/>
</pin_list>
<bind>
<opcode="icmp(45) " fcode="icmp"/>
<opset="icmp_ln193/8 "/>
</bind>
</comp>

<comp id="270" class="1004" name="j_8_fu_270">
<pin_list>
<pin id="271" dir="0" index="0" bw="3" slack="0"/>
<pin id="272" dir="0" index="1" bw="1" slack="0"/>
<pin id="273" dir="1" index="2" bw="3" slack="0"/>
</pin_list>
<bind>
<opcode="add(8) " fcode="add"/>
<opset="j_8/8 "/>
</bind>
</comp>

<comp id="276" class="1004" name="zext_ln195_1_fu_276">
<pin_list>
<pin id="277" dir="0" index="0" bw="3" slack="0"/>
<pin id="278" dir="1" index="1" bw="6" slack="0"/>
</pin_list>
<bind>
<opcode="zext(34) " fcode="zext"/>
<opset="zext_ln195_1/8 "/>
</bind>
</comp>

<comp id="280" class="1004" name="add_ln195_1_fu_280">
<pin_list>
<pin id="281" dir="0" index="0" bw="5" slack="1"/>
<pin id="282" dir="0" index="1" bw="3" slack="0"/>
<pin id="283" dir="1" index="2" bw="6" slack="0"/>
</pin_list>
<bind>
<opcode="add(8) " fcode="add"/>
<opset="add_ln195_1/8 "/>
</bind>
</comp>

<comp id="285" class="1004" name="zext_ln195_4_fu_285">
<pin_list>
<pin id="286" dir="0" index="0" bw="6" slack="0"/>
<pin id="287" dir="1" index="1" bw="64" slack="0"/>
</pin_list>
<bind>
<opcode="zext(34) " fcode="zext"/>
<opset="zext_ln195_4/8 "/>
</bind>
</comp>

<comp id="290" class="1004" name="zext_ln195_2_fu_290">
<pin_list>
<pin id="291" dir="0" index="0" bw="3" slack="0"/>
<pin id="292" dir="1" index="1" bw="4" slack="0"/>
</pin_list>
<bind>
<opcode="zext(34) " fcode="zext"/>
<opset="zext_ln195_2/8 "/>
</bind>
</comp>

<comp id="294" class="1004" name="add_ln195_fu_294">
<pin_list>
<pin id="295" dir="0" index="0" bw="3" slack="0"/>
<pin id="296" dir="0" index="1" bw="4" slack="1"/>
<pin id="297" dir="1" index="2" bw="4" slack="1"/>
</pin_list>
<bind>
<opcode="add(8) " fcode="add"/>
<opset="add_ln195/8 "/>
</bind>
</comp>

<comp id="299" class="1004" name="zext_ln195_3_fu_299">
<pin_list>
<pin id="300" dir="0" index="0" bw="4" slack="1"/>
<pin id="301" dir="1" index="1" bw="64" slack="0"/>
</pin_list>
<bind>
<opcode="zext(34) " fcode="zext"/>
<opset="zext_ln195_3/9 "/>
</bind>
</comp>

<comp id="306" class="1005" name="i_reg_306">
<pin_list>
<pin id="307" dir="0" index="0" bw="3" slack="0"/>
<pin id="308" dir="1" index="1" bw="3" slack="0"/>
</pin_list>
<bind>
<opset="i "/>
</bind>
</comp>

<comp id="311" class="1005" name="shl_ln_reg_311">
<pin_list>
<pin id="312" dir="0" index="0" bw="4" slack="1"/>
<pin id="313" dir="1" index="1" bw="4" slack="1"/>
</pin_list>
<bind>
<opset="shl_ln "/>
</bind>
</comp>

<comp id="316" class="1005" name="zext_ln166_reg_316">
<pin_list>
<pin id="317" dir="0" index="0" bw="6" slack="1"/>
<pin id="318" dir="1" index="1" bw="6" slack="1"/>
</pin_list>
<bind>
<opset="zext_ln166 "/>
</bind>
</comp>

<comp id="324" class="1005" name="j_reg_324">
<pin_list>
<pin id="325" dir="0" index="0" bw="3" slack="0"/>
<pin id="326" dir="1" index="1" bw="3" slack="0"/>
</pin_list>
<bind>
<opset="j "/>
</bind>
</comp>

<comp id="329" class="1005" name="ctr_addr_reg_329">
<pin_list>
<pin id="330" dir="0" index="0" bw="4" slack="1"/>
<pin id="331" dir="1" index="1" bw="4" slack="1"/>
</pin_list>
<bind>
<opset="ctr_addr "/>
</bind>
</comp>

<comp id="334" class="1005" name="add_ln168_1_reg_334">
<pin_list>
<pin id="335" dir="0" index="0" bw="6" slack="1"/>
<pin id="336" dir="1" index="1" bw="6" slack="1"/>
</pin_list>
<bind>
<opset="add_ln168_1 "/>
</bind>
</comp>

<comp id="342" class="1005" name="i_10_reg_342">
<pin_list>
<pin id="343" dir="0" index="0" bw="3" slack="0"/>
<pin id="344" dir="1" index="1" bw="3" slack="0"/>
</pin_list>
<bind>
<opset="i_10 "/>
</bind>
</comp>

<comp id="347" class="1005" name="zext_ln195_reg_347">
<pin_list>
<pin id="348" dir="0" index="0" bw="6" slack="1"/>
<pin id="349" dir="1" index="1" bw="6" slack="1"/>
</pin_list>
<bind>
<opset="zext_ln195 "/>
</bind>
</comp>

<comp id="352" class="1005" name="shl_ln2_reg_352">
<pin_list>
<pin id="353" dir="0" index="0" bw="4" slack="1"/>
<pin id="354" dir="1" index="1" bw="4" slack="1"/>
</pin_list>
<bind>
<opset="shl_ln2 "/>
</bind>
</comp>

<comp id="360" class="1005" name="j_8_reg_360">
<pin_list>
<pin id="361" dir="0" index="0" bw="3" slack="0"/>
<pin id="362" dir="1" index="1" bw="3" slack="0"/>
</pin_list>
<bind>
<opset="j_8 "/>
</bind>
</comp>

<comp id="365" class="1005" name="test_addr_1_reg_365">
<pin_list>
<pin id="366" dir="0" index="0" bw="4" slack="1"/>
<pin id="367" dir="1" index="1" bw="4" slack="1"/>
</pin_list>
<bind>
<opset="test_addr_1 "/>
</bind>
</comp>

<comp id="370" class="1005" name="add_ln195_reg_370">
<pin_list>
<pin id="371" dir="0" index="0" bw="4" slack="1"/>
<pin id="372" dir="1" index="1" bw="4" slack="1"/>
</pin_list>
<bind>
<opset="add_ln195 "/>
</bind>
</comp>

</comp_list>

<net_list>
<net id="37"><net_src comp="10" pin="0"/><net_sink comp="34" pin=0"/></net>

<net id="41"><net_src comp="10" pin="0"/><net_sink comp="38" pin=0"/></net>

<net id="47"><net_src comp="2" pin="0"/><net_sink comp="42" pin=0"/></net>

<net id="48"><net_src comp="32" pin="0"/><net_sink comp="42" pin=1"/></net>

<net id="54"><net_src comp="42" pin="3"/><net_sink comp="49" pin=0"/></net>

<net id="60"><net_src comp="32" pin="0"/><net_sink comp="55" pin=1"/></net>

<net id="66"><net_src comp="49" pin="3"/><net_sink comp="61" pin=1"/></net>

<net id="67"><net_src comp="55" pin="3"/><net_sink comp="61" pin=0"/></net>

<net id="73"><net_src comp="32" pin="0"/><net_sink comp="68" pin=1"/></net>

<net id="74"><net_src comp="68" pin="3"/><net_sink comp="61" pin=0"/></net>

<net id="80"><net_src comp="4" pin="0"/><net_sink comp="75" pin=0"/></net>

<net id="81"><net_src comp="32" pin="0"/><net_sink comp="75" pin=1"/></net>

<net id="87"><net_src comp="61" pin="3"/><net_sink comp="82" pin=1"/></net>

<net id="88"><net_src comp="75" pin="3"/><net_sink comp="82" pin=0"/></net>

<net id="92"><net_src comp="14" pin="0"/><net_sink comp="89" pin=0"/></net>

<net id="99"><net_src comp="89" pin="1"/><net_sink comp="93" pin=0"/></net>

<net id="103"><net_src comp="14" pin="0"/><net_sink comp="100" pin=0"/></net>

<net id="110"><net_src comp="100" pin="1"/><net_sink comp="104" pin=2"/></net>

<net id="114"><net_src comp="14" pin="0"/><net_sink comp="111" pin=0"/></net>

<net id="121"><net_src comp="111" pin="1"/><net_sink comp="115" pin=0"/></net>

<net id="125"><net_src comp="14" pin="0"/><net_sink comp="122" pin=0"/></net>

<net id="132"><net_src comp="122" pin="1"/><net_sink comp="126" pin=2"/></net>

<net id="140"><net_src comp="12" pin="0"/><net_sink comp="133" pin=0"/></net>

<net id="141"><net_src comp="34" pin="1"/><net_sink comp="133" pin=1"/></net>

<net id="142"><net_src comp="0" pin="0"/><net_sink comp="133" pin=2"/></net>

<net id="143"><net_src comp="6" pin="0"/><net_sink comp="133" pin=3"/></net>

<net id="144"><net_src comp="8" pin="0"/><net_sink comp="133" pin=4"/></net>

<net id="151"><net_src comp="30" pin="0"/><net_sink comp="145" pin=0"/></net>

<net id="152"><net_src comp="6" pin="0"/><net_sink comp="145" pin=3"/></net>

<net id="157"><net_src comp="93" pin="4"/><net_sink comp="153" pin=0"/></net>

<net id="158"><net_src comp="16" pin="0"/><net_sink comp="153" pin=1"/></net>

<net id="163"><net_src comp="93" pin="4"/><net_sink comp="159" pin=0"/></net>

<net id="164"><net_src comp="22" pin="0"/><net_sink comp="159" pin=1"/></net>

<net id="168"><net_src comp="93" pin="4"/><net_sink comp="165" pin=0"/></net>

<net id="174"><net_src comp="24" pin="0"/><net_sink comp="169" pin=0"/></net>

<net id="175"><net_src comp="165" pin="1"/><net_sink comp="169" pin=1"/></net>

<net id="176"><net_src comp="26" pin="0"/><net_sink comp="169" pin=2"/></net>

<net id="182"><net_src comp="28" pin="0"/><net_sink comp="177" pin=0"/></net>

<net id="183"><net_src comp="93" pin="4"/><net_sink comp="177" pin=1"/></net>

<net id="184"><net_src comp="26" pin="0"/><net_sink comp="177" pin=2"/></net>

<net id="188"><net_src comp="177" pin="3"/><net_sink comp="185" pin=0"/></net>

<net id="193"><net_src comp="104" pin="4"/><net_sink comp="189" pin=0"/></net>

<net id="194"><net_src comp="16" pin="0"/><net_sink comp="189" pin=1"/></net>

<net id="199"><net_src comp="104" pin="4"/><net_sink comp="195" pin=0"/></net>

<net id="200"><net_src comp="22" pin="0"/><net_sink comp="195" pin=1"/></net>

<net id="204"><net_src comp="104" pin="4"/><net_sink comp="201" pin=0"/></net>

<net id="209"><net_src comp="201" pin="1"/><net_sink comp="205" pin=0"/></net>

<net id="213"><net_src comp="205" pin="2"/><net_sink comp="210" pin=0"/></net>

<net id="214"><net_src comp="210" pin="1"/><net_sink comp="42" pin=2"/></net>

<net id="218"><net_src comp="104" pin="4"/><net_sink comp="215" pin=0"/></net>

<net id="223"><net_src comp="215" pin="1"/><net_sink comp="219" pin=1"/></net>

<net id="227"><net_src comp="224" pin="1"/><net_sink comp="55" pin=2"/></net>

<net id="232"><net_src comp="115" pin="4"/><net_sink comp="228" pin=0"/></net>

<net id="233"><net_src comp="16" pin="0"/><net_sink comp="228" pin=1"/></net>

<net id="238"><net_src comp="115" pin="4"/><net_sink comp="234" pin=0"/></net>

<net id="239"><net_src comp="22" pin="0"/><net_sink comp="234" pin=1"/></net>

<net id="245"><net_src comp="28" pin="0"/><net_sink comp="240" pin=0"/></net>

<net id="246"><net_src comp="115" pin="4"/><net_sink comp="240" pin=1"/></net>

<net id="247"><net_src comp="26" pin="0"/><net_sink comp="240" pin=2"/></net>

<net id="251"><net_src comp="240" pin="3"/><net_sink comp="248" pin=0"/></net>

<net id="255"><net_src comp="115" pin="4"/><net_sink comp="252" pin=0"/></net>

<net id="261"><net_src comp="24" pin="0"/><net_sink comp="256" pin=0"/></net>

<net id="262"><net_src comp="252" pin="1"/><net_sink comp="256" pin=1"/></net>

<net id="263"><net_src comp="26" pin="0"/><net_sink comp="256" pin=2"/></net>

<net id="268"><net_src comp="126" pin="4"/><net_sink comp="264" pin=0"/></net>

<net id="269"><net_src comp="16" pin="0"/><net_sink comp="264" pin=1"/></net>

<net id="274"><net_src comp="126" pin="4"/><net_sink comp="270" pin=0"/></net>

<net id="275"><net_src comp="22" pin="0"/><net_sink comp="270" pin=1"/></net>

<net id="279"><net_src comp="126" pin="4"/><net_sink comp="276" pin=0"/></net>

<net id="284"><net_src comp="276" pin="1"/><net_sink comp="280" pin=1"/></net>

<net id="288"><net_src comp="280" pin="2"/><net_sink comp="285" pin=0"/></net>

<net id="289"><net_src comp="285" pin="1"/><net_sink comp="68" pin=2"/></net>

<net id="293"><net_src comp="126" pin="4"/><net_sink comp="290" pin=0"/></net>

<net id="298"><net_src comp="290" pin="1"/><net_sink comp="294" pin=0"/></net>

<net id="302"><net_src comp="299" pin="1"/><net_sink comp="75" pin=2"/></net>

<net id="309"><net_src comp="159" pin="2"/><net_sink comp="306" pin=0"/></net>

<net id="310"><net_src comp="306" pin="1"/><net_sink comp="93" pin=2"/></net>

<net id="314"><net_src comp="169" pin="3"/><net_sink comp="311" pin=0"/></net>

<net id="315"><net_src comp="311" pin="1"/><net_sink comp="205" pin=1"/></net>

<net id="319"><net_src comp="185" pin="1"/><net_sink comp="316" pin=0"/></net>

<net id="320"><net_src comp="316" pin="1"/><net_sink comp="219" pin=0"/></net>

<net id="327"><net_src comp="195" pin="2"/><net_sink comp="324" pin=0"/></net>

<net id="328"><net_src comp="324" pin="1"/><net_sink comp="104" pin=0"/></net>

<net id="332"><net_src comp="42" pin="3"/><net_sink comp="329" pin=0"/></net>

<net id="333"><net_src comp="329" pin="1"/><net_sink comp="49" pin=0"/></net>

<net id="337"><net_src comp="219" pin="2"/><net_sink comp="334" pin=0"/></net>

<net id="338"><net_src comp="334" pin="1"/><net_sink comp="224" pin=0"/></net>

<net id="345"><net_src comp="234" pin="2"/><net_sink comp="342" pin=0"/></net>

<net id="346"><net_src comp="342" pin="1"/><net_sink comp="115" pin=2"/></net>

<net id="350"><net_src comp="248" pin="1"/><net_sink comp="347" pin=0"/></net>

<net id="351"><net_src comp="347" pin="1"/><net_sink comp="280" pin=0"/></net>

<net id="355"><net_src comp="256" pin="3"/><net_sink comp="352" pin=0"/></net>

<net id="356"><net_src comp="352" pin="1"/><net_sink comp="294" pin=1"/></net>

<net id="363"><net_src comp="270" pin="2"/><net_sink comp="360" pin=0"/></net>

<net id="364"><net_src comp="360" pin="1"/><net_sink comp="126" pin=0"/></net>

<net id="368"><net_src comp="68" pin="3"/><net_sink comp="365" pin=0"/></net>

<net id="369"><net_src comp="365" pin="1"/><net_sink comp="61" pin=0"/></net>

<net id="373"><net_src comp="294" pin="2"/><net_sink comp="370" pin=0"/></net>

<net id="374"><net_src comp="370" pin="1"/><net_sink comp="299" pin=0"/></net>

</net_list>

</model> 
---------------- Datapath Model END ------------------

* FSMD analyzer results:
  - Output states:
	Port: buffer_r | {9 }
 - Input state : 
	Port: AES256_ECB.1 : key | {1 2 }
	Port: AES256_ECB.1 : ctr | {4 5 }
	Port: AES256_ECB.1 : sbox | {1 2 3 6 }
	Port: AES256_ECB.1 : Rcon | {1 2 }
  - Chain level:
	State 1
		call_ln242 : 1
	State 2
	State 3
		icmp_ln164 : 1
		i : 1
		br_ln164 : 2
		trunc_ln168 : 1
		shl_ln : 2
		tmp_s : 1
		zext_ln166 : 2
	State 4
		icmp_ln166 : 1
		j : 1
		br_ln166 : 2
		zext_ln168 : 1
		add_ln168 : 2
		zext_ln168_1 : 3
		ctr_addr : 4
		ctr_load : 5
		zext_ln168_2 : 1
		add_ln168_1 : 2
	State 5
		test_addr : 1
		store_ln168 : 2
	State 6
	State 7
		icmp_ln191 : 1
		i_10 : 1
		br_ln191 : 2
		tmp_3 : 1
		zext_ln195 : 2
		trunc_ln195 : 1
		shl_ln2 : 2
	State 8
		icmp_ln193 : 1
		j_8 : 1
		br_ln193 : 2
		zext_ln195_1 : 1
		add_ln195_1 : 2
		zext_ln195_4 : 3
		test_addr_1 : 4
		test_load : 5
		zext_ln195_2 : 1
		add_ln195 : 2
	State 9
		buffer_addr : 1
		store_ln195 : 2


============================================================
+ Verbose Summary: Datapath Resource usage 
============================================================

* Functional unit list:
|----------|-------------------------|---------|---------|---------|
| Operation|     Functional Unit     |  Delay  |    FF   |   LUT   |
|----------|-------------------------|---------|---------|---------|
|   call   | grp_KeyExpansion_fu_133 | 14.1105 |   525   |   454   |
|          |    grp_Cipher_fu_145    | 18.3787 |   239   |   602   |
|----------|-------------------------|---------|---------|---------|
|          |         i_fu_159        |    0    |    0    |    12   |
|          |         j_fu_195        |    0    |    0    |    12   |
|          |     add_ln168_fu_205    |    0    |    0    |    13   |
|    add   |    add_ln168_1_fu_219   |    0    |    0    |    15   |
|          |       i_10_fu_234       |    0    |    0    |    12   |
|          |        j_8_fu_270       |    0    |    0    |    12   |
|          |    add_ln195_1_fu_280   |    0    |    0    |    15   |
|          |     add_ln195_fu_294    |    0    |    0    |    13   |
|----------|-------------------------|---------|---------|---------|
|          |    icmp_ln164_fu_153    |    0    |    0    |    9    |
|   icmp   |    icmp_ln166_fu_189    |    0    |    0    |    9    |
|          |    icmp_ln191_fu_228    |    0    |    0    |    9    |
|          |    icmp_ln193_fu_264    |    0    |    0    |    9    |
|----------|-------------------------|---------|---------|---------|
|   trunc  |    trunc_ln168_fu_165   |    0    |    0    |    0    |
|          |    trunc_ln195_fu_252   |    0    |    0    |    0    |
|----------|-------------------------|---------|---------|---------|
|          |      shl_ln_fu_169      |    0    |    0    |    0    |
|bitconcatenate|       tmp_s_fu_177      |    0    |    0    |    0    |
|          |       tmp_3_fu_240      |    0    |    0    |    0    |
|          |      shl_ln2_fu_256     |    0    |    0    |    0    |
|----------|-------------------------|---------|---------|---------|
|          |    zext_ln166_fu_185    |    0    |    0    |    0    |
|          |    zext_ln168_fu_201    |    0    |    0    |    0    |
|          |   zext_ln168_1_fu_210   |    0    |    0    |    0    |
|          |   zext_ln168_2_fu_215   |    0    |    0    |    0    |
|   zext   |   zext_ln168_3_fu_224   |    0    |    0    |    0    |
|          |    zext_ln195_fu_248    |    0    |    0    |    0    |
|          |   zext_ln195_1_fu_276   |    0    |    0    |    0    |
|          |   zext_ln195_4_fu_285   |    0    |    0    |    0    |
|          |   zext_ln195_2_fu_290   |    0    |    0    |    0    |
|          |   zext_ln195_3_fu_299   |    0    |    0    |    0    |
|----------|-------------------------|---------|---------|---------|
|   Total  |                         | 32.4892 |   764   |   1196  |
|----------|-------------------------|---------|---------|---------|

Memories:
+------------+--------+--------+--------+--------+
|            |  BRAM  |   FF   |   LUT  |  URAM  |
+------------+--------+--------+--------+--------+
|ctx_RoundKey|    1   |    0   |    0   |    0   |
|    test    |    1   |    0   |    0   |    0   |
+------------+--------+--------+--------+--------+
|    Total   |    2   |    0   |    0   |    0   |
+------------+--------+--------+--------+--------+

* Register list:
+-------------------+--------+
|                   |   FF   |
+-------------------+--------+
|add_ln168_1_reg_334|    6   |
| add_ln195_reg_370 |    4   |
|  ctr_addr_reg_329 |    4   |
|     i_0_reg_89    |    3   |
|    i_10_reg_342   |    3   |
|    i_1_reg_111    |    3   |
|     i_reg_306     |    3   |
|    j_0_reg_100    |    3   |
|    j_1_reg_122    |    3   |
|    j_8_reg_360    |    3   |
|     j_reg_324     |    3   |
|  shl_ln2_reg_352  |    4   |
|   shl_ln_reg_311  |    4   |
|test_addr_1_reg_365|    4   |
| zext_ln166_reg_316|    6   |
| zext_ln195_reg_347|    6   |
+-------------------+--------+
|       Total       |   62   |
+-------------------+--------+

* Multiplexer (MUX) list: 
|------------------|------|------|------|--------||---------||---------|
|       Comp       |  Pin | Size |  BW  | S x BW ||  Delay  ||   LUT   |
|------------------|------|------|------|--------||---------||---------|
| grp_access_fu_49 |  p0  |   2  |   4  |    8   ||    9    |
| grp_access_fu_61 |  p0  |   3  |   4  |   12   ||    15   |
|------------------|------|------|------|--------||---------||---------|
|       Total      |      |      |      |   20   || 2.80175 ||    24   |
|------------------|------|------|------|--------||---------||---------|



* Summary:
+-----------+--------+--------+--------+--------+--------+
|           |  BRAM  |  Delay |   FF   |   LUT  |  URAM  |
+-----------+--------+--------+--------+--------+--------+
|  Function |    -   |   32   |   764  |  1196  |    -   |
|   Memory  |    2   |    -   |    0   |    0   |    0   |
|Multiplexer|    -   |    2   |    -   |   24   |    -   |
|  Register |    -   |    -   |   62   |    -   |    -   |
+-----------+--------+--------+--------+--------+--------+
|   Total   |    2   |   35   |   826  |  1220  |    0   |
+-----------+--------+--------+--------+--------+--------+
