

================================================================
== Vivado HLS Report for 'KeyExpansion'
================================================================
* Date:           Thu May 14 22:22:16 2020

* Version:        2019.2 (Build 2704478 on Wed Nov 06 22:10:23 MST 2019)
* Project:        picnic1
* Solution:       keypair
* Product family: artix7
* Target device:  xc7a200t-fbg676-2


================================================================
== Performance Estimates
================================================================
+ Timing: 
    * Summary: 
    +--------+----------+----------+------------+
    |  Clock |  Target  | Estimated| Uncertainty|
    +--------+----------+----------+------------+
    |ap_clk  | 10.00 ns | 6.344 ns |   1.25 ns  |
    +--------+----------+----------+------------+

+ Latency: 
    * Summary: 
    +---------+---------+-----------+-----------+------+------+---------+
    |  Latency (cycles) |   Latency (absolute)  |   Interval  | Pipeline|
    |   min   |   max   |    min    |    max    |  min |  max |   Type  |
    +---------+---------+-----------+-----------+------+------+---------+
    |     1382|     2682| 13.820 us | 26.820 us |  1382|  2682|   none  |
    +---------+---------+-----------+-----------+------+------+---------+

    + Detail: 
        * Instance: 
        N/A

        * Loop: 
        +--------------------------+---------+---------+----------+-----------+-----------+------+----------+
        |                          |  Latency (cycles) | Iteration|  Initiation Interval  | Trip |          |
        |         Loop Name        |   min   |   max   |  Latency |  achieved |   target  | Count| Pipelined|
        +--------------------------+---------+---------+----------+-----------+-----------+------+----------+
        |- KeyExpansion_label4     |       80|       80|        10|          -|          -|     8|    no    |
        | + KeyExpansion_label4.1  |        8|        8|         2|          -|          -|     4|    no    |
        |- KeyExpansion_label5     |     1300|     2600|  25 ~ 50 |          -|          -|    52|    no    |
        | + KeyExpansion_label5.1  |       12|       12|         3|          -|          -|     4|    no    |
        | + KeyExpansion_label5.2  |       12|       12|         3|          -|          -|     4|    no    |
        | + KeyExpansion_label5.3  |       12|       12|         3|          -|          -|     4|    no    |
        | + KeyExpansion_label5.4  |        8|        8|         2|          -|          -|     4|    no    |
        +--------------------------+---------+---------+----------+-----------+-----------+------+----------+

============================================================
+ Verbose Summary: Synthesis Manager
============================================================
InlineROM: 1
ExposeGlobal: 1
============================================================
+ Verbose Summary: CDFG Model
============================================================
IsTopModel: 0
ResetActiveHigh: 1
IsCombinational: 0
IsDatapathOnly: 0
HasWiredReturn: 1
HasMFsm: 0
HasVarLatency: 1
IsPipeline: 0
IsRtlPipelined: 0
IsInstanceOverlapped: 0
IsDontTouch: 0
HasImplIP: 0
IsGatedGlobalClock: 0


============================================================
+ Verbose Summary: Schedule
============================================================
* Number of FSM states : 17
* Pipeline : 0
* Dataflow Pipeline: 0

* FSM state transitions: 
1 --> 2 
2 --> 3 5 
3 --> 4 2 
4 --> 3 
5 --> 6 
6 --> 7 12 9 
7 --> 8 
8 --> 6 
9 --> 10 12 
10 --> 11 
11 --> 9 
12 --> 13 
13 --> 14 16 
14 --> 15 
15 --> 13 
16 --> 17 5 
17 --> 16 

* FSM state operations: 

State 1 <SV = 0> <Delay = 1.35>
ST_1 : Operation 18 [1/1] (1.35ns)   --->   "br label %1" [NIST-KATs/aes.c:158]   --->   Operation 18 'br' <Predicate = true> <Delay = 1.35>

State 2 <SV = 1> <Delay = 1.49>
ST_2 : Operation 19 [1/1] (0.00ns)   --->   "%i_0 = phi i4 [ 0, %0 ], [ %i, %KeyExpansion_label4_end ]"   --->   Operation 19 'phi' 'i_0' <Predicate = true> <Delay = 0.00>
ST_2 : Operation 20 [1/1] (1.21ns)   --->   "%icmp_ln158 = icmp eq i4 %i_0, -8" [NIST-KATs/aes.c:158]   --->   Operation 20 'icmp' 'icmp_ln158' <Predicate = true> <Delay = 1.21> <Core = "Cmp">   --->   Core 25 'Cmp' <Latency = 0> <II = 1> <Delay = 1.00> <FuncUnit> <Opcode : 'icmp'> <InPorts = 2> <OutPorts = 1>
ST_2 : Operation 21 [1/1] (0.00ns)   --->   "%empty = call i32 (...)* @_ssdm_op_SpecLoopTripCount(i64 8, i64 8, i64 8)"   --->   Operation 21 'speclooptripcount' 'empty' <Predicate = true> <Delay = 0.00>
ST_2 : Operation 22 [1/1] (1.49ns)   --->   "%i = add i4 %i_0, 1" [NIST-KATs/aes.c:158]   --->   Operation 22 'add' 'i' <Predicate = true> <Delay = 1.49> <Core = "AddSub">   --->   Core 14 'AddSub' <Latency = 0> <II = 1> <Delay = 1.60> <FuncUnit> <Opcode : 'add' 'sub'> <InPorts = 2> <OutPorts = 1>
ST_2 : Operation 23 [1/1] (0.00ns)   --->   "br i1 %icmp_ln158, label %.preheader1.preheader, label %KeyExpansion_label4_begin" [NIST-KATs/aes.c:158]   --->   Operation 23 'br' <Predicate = true> <Delay = 0.00>
ST_2 : Operation 24 [1/1] (0.00ns)   --->   "call void (...)* @_ssdm_op_SpecLoopName([20 x i8]* @p_str617) nounwind" [NIST-KATs/aes.c:159]   --->   Operation 24 'specloopname' <Predicate = (!icmp_ln158)> <Delay = 0.00>
ST_2 : Operation 25 [1/1] (0.00ns)   --->   "%tmp = call i32 (...)* @_ssdm_op_SpecRegionBegin([20 x i8]* @p_str617)" [NIST-KATs/aes.c:159]   --->   Operation 25 'specregionbegin' 'tmp' <Predicate = (!icmp_ln158)> <Delay = 0.00>
ST_2 : Operation 26 [1/1] (0.00ns)   --->   "%trunc_ln162 = trunc i4 %i_0 to i3" [NIST-KATs/aes.c:162]   --->   Operation 26 'trunc' 'trunc_ln162' <Predicate = (!icmp_ln158)> <Delay = 0.00>
ST_2 : Operation 27 [1/1] (0.00ns)   --->   "%shl_ln = call i5 @_ssdm_op_BitConcatenate.i5.i3.i2(i3 %trunc_ln162, i2 0)" [NIST-KATs/aes.c:162]   --->   Operation 27 'bitconcatenate' 'shl_ln' <Predicate = (!icmp_ln158)> <Delay = 0.00>
ST_2 : Operation 28 [1/1] (1.35ns)   --->   "br label %2" [NIST-KATs/aes.c:160]   --->   Operation 28 'br' <Predicate = (!icmp_ln158)> <Delay = 1.35>
ST_2 : Operation 29 [1/1] (1.35ns)   --->   "br label %.preheader1" [NIST-KATs/aes.c:171]   --->   Operation 29 'br' <Predicate = (icmp_ln158)> <Delay = 1.35>

State 3 <SV = 2> <Delay = 3.30>
ST_3 : Operation 30 [1/1] (0.00ns)   --->   "%j_0 = phi i3 [ 0, %KeyExpansion_label4_begin ], [ %j, %3 ]"   --->   Operation 30 'phi' 'j_0' <Predicate = true> <Delay = 0.00>
ST_3 : Operation 31 [1/1] (1.00ns)   --->   "%icmp_ln160 = icmp eq i3 %j_0, -4" [NIST-KATs/aes.c:160]   --->   Operation 31 'icmp' 'icmp_ln160' <Predicate = true> <Delay = 1.00> <Core = "Cmp">   --->   Core 25 'Cmp' <Latency = 0> <II = 1> <Delay = 1.00> <FuncUnit> <Opcode : 'icmp'> <InPorts = 2> <OutPorts = 1>
ST_3 : Operation 32 [1/1] (0.00ns)   --->   "%empty_130 = call i32 (...)* @_ssdm_op_SpecLoopTripCount(i64 4, i64 4, i64 4)"   --->   Operation 32 'speclooptripcount' 'empty_130' <Predicate = true> <Delay = 0.00>
ST_3 : Operation 33 [1/1] (1.34ns)   --->   "%j = add i3 %j_0, 1" [NIST-KATs/aes.c:160]   --->   Operation 33 'add' 'j' <Predicate = true> <Delay = 1.34> <Core = "AddSub">   --->   Core 14 'AddSub' <Latency = 0> <II = 1> <Delay = 1.60> <FuncUnit> <Opcode : 'add' 'sub'> <InPorts = 2> <OutPorts = 1>
ST_3 : Operation 34 [1/1] (0.00ns)   --->   "br i1 %icmp_ln160, label %KeyExpansion_label4_end, label %3" [NIST-KATs/aes.c:160]   --->   Operation 34 'br' <Predicate = true> <Delay = 0.00>
ST_3 : Operation 35 [1/1] (0.00ns)   --->   "%zext_ln162 = zext i3 %j_0 to i5" [NIST-KATs/aes.c:162]   --->   Operation 35 'zext' 'zext_ln162' <Predicate = (!icmp_ln160)> <Delay = 0.00>
ST_3 : Operation 36 [1/1] (1.54ns)   --->   "%add_ln162 = add i5 %shl_ln, %zext_ln162" [NIST-KATs/aes.c:162]   --->   Operation 36 'add' 'add_ln162' <Predicate = (!icmp_ln160)> <Delay = 1.54> <Core = "AddSub">   --->   Core 14 'AddSub' <Latency = 0> <II = 1> <Delay = 1.60> <FuncUnit> <Opcode : 'add' 'sub'> <InPorts = 2> <OutPorts = 1>
ST_3 : Operation 37 [1/1] (0.00ns)   --->   "%zext_ln162_1 = zext i5 %add_ln162 to i64" [NIST-KATs/aes.c:162]   --->   Operation 37 'zext' 'zext_ln162_1' <Predicate = (!icmp_ln160)> <Delay = 0.00>
ST_3 : Operation 38 [1/1] (0.00ns)   --->   "%Key_addr = getelementptr [32 x i8]* %Key, i64 0, i64 %zext_ln162_1" [NIST-KATs/aes.c:162]   --->   Operation 38 'getelementptr' 'Key_addr' <Predicate = (!icmp_ln160)> <Delay = 0.00>
ST_3 : Operation 39 [2/2] (1.75ns)   --->   "%Key_load = load i8* %Key_addr, align 1" [NIST-KATs/aes.c:162]   --->   Operation 39 'load' 'Key_load' <Predicate = (!icmp_ln160)> <Delay = 1.75> <Core = "RAM">   --->   Core 37 'RAM' <Latency = 1> <II = 1> <Delay = 2.77> <Storage> <Opcode : 'load' 'store'> <Ports = 2> <Width = 8> <Depth = 240> <RAM>
ST_3 : Operation 40 [1/1] (0.00ns)   --->   "%empty_131 = call i32 (...)* @_ssdm_op_SpecRegionEnd([20 x i8]* @p_str617, i32 %tmp)" [NIST-KATs/aes.c:168]   --->   Operation 40 'specregionend' 'empty_131' <Predicate = (icmp_ln160)> <Delay = 0.00>
ST_3 : Operation 41 [1/1] (0.00ns)   --->   "br label %1" [NIST-KATs/aes.c:158]   --->   Operation 41 'br' <Predicate = (icmp_ln160)> <Delay = 0.00>

State 4 <SV = 3> <Delay = 4.52>
ST_4 : Operation 42 [1/2] (1.75ns)   --->   "%Key_load = load i8* %Key_addr, align 1" [NIST-KATs/aes.c:162]   --->   Operation 42 'load' 'Key_load' <Predicate = true> <Delay = 1.75> <Core = "RAM">   --->   Core 37 'RAM' <Latency = 1> <II = 1> <Delay = 2.77> <Storage> <Opcode : 'load' 'store'> <Ports = 2> <Width = 8> <Depth = 240> <RAM>
ST_4 : Operation 43 [1/1] (0.00ns)   --->   "%RoundKey_addr = getelementptr [240 x i8]* %RoundKey, i64 0, i64 %zext_ln162_1" [NIST-KATs/aes.c:162]   --->   Operation 43 'getelementptr' 'RoundKey_addr' <Predicate = true> <Delay = 0.00>
ST_4 : Operation 44 [1/1] (2.77ns)   --->   "store i8 %Key_load, i8* %RoundKey_addr, align 1" [NIST-KATs/aes.c:162]   --->   Operation 44 'store' <Predicate = true> <Delay = 2.77> <Core = "RAM">   --->   Core 37 'RAM' <Latency = 1> <II = 1> <Delay = 2.77> <Storage> <Opcode : 'load' 'store'> <Ports = 2> <Width = 8> <Depth = 240> <RAM>
ST_4 : Operation 45 [1/1] (0.00ns)   --->   "br label %2" [NIST-KATs/aes.c:160]   --->   Operation 45 'br' <Predicate = true> <Delay = 0.00>

State 5 <SV = 2> <Delay = 1.71>
ST_5 : Operation 46 [1/1] (0.00ns)   --->   "%tempa_3_0 = phi i8 [ %tempa_3_8, %KeyExpansion_label5_end ], [ undef, %.preheader1.preheader ]" [NIST-KATs/aes.c:212]   --->   Operation 46 'phi' 'tempa_3_0' <Predicate = true> <Delay = 0.00>
ST_5 : Operation 47 [1/1] (0.00ns)   --->   "%tempa_2_0 = phi i8 [ %tempa_2_8, %KeyExpansion_label5_end ], [ undef, %.preheader1.preheader ]" [NIST-KATs/aes.c:212]   --->   Operation 47 'phi' 'tempa_2_0' <Predicate = true> <Delay = 0.00>
ST_5 : Operation 48 [1/1] (0.00ns)   --->   "%tempa_1_0 = phi i8 [ %tempa_1_8, %KeyExpansion_label5_end ], [ undef, %.preheader1.preheader ]" [NIST-KATs/aes.c:212]   --->   Operation 48 'phi' 'tempa_1_0' <Predicate = true> <Delay = 0.00>
ST_5 : Operation 49 [1/1] (0.00ns)   --->   "%tempa_0_0 = phi i8 [ %tempa_0_85, %KeyExpansion_label5_end ], [ undef, %.preheader1.preheader ]" [NIST-KATs/aes.c:212]   --->   Operation 49 'phi' 'tempa_0_0' <Predicate = true> <Delay = 0.00>
ST_5 : Operation 50 [1/1] (0.00ns)   --->   "%i_1 = phi i6 [ %i_9, %KeyExpansion_label5_end ], [ 8, %.preheader1.preheader ]"   --->   Operation 50 'phi' 'i_1' <Predicate = true> <Delay = 0.00>
ST_5 : Operation 51 [1/1] (1.22ns)   --->   "%icmp_ln171 = icmp eq i6 %i_1, -4" [NIST-KATs/aes.c:171]   --->   Operation 51 'icmp' 'icmp_ln171' <Predicate = true> <Delay = 1.22> <Core = "Cmp">   --->   Core 25 'Cmp' <Latency = 0> <II = 1> <Delay = 1.00> <FuncUnit> <Opcode : 'icmp'> <InPorts = 2> <OutPorts = 1>
ST_5 : Operation 52 [1/1] (0.00ns)   --->   "%empty_132 = call i32 (...)* @_ssdm_op_SpecLoopTripCount(i64 52, i64 52, i64 52)"   --->   Operation 52 'speclooptripcount' 'empty_132' <Predicate = true> <Delay = 0.00>
ST_5 : Operation 53 [1/1] (0.00ns)   --->   "br i1 %icmp_ln171, label %11, label %KeyExpansion_label5_begin" [NIST-KATs/aes.c:171]   --->   Operation 53 'br' <Predicate = true> <Delay = 0.00>
ST_5 : Operation 54 [1/1] (0.00ns)   --->   "call void (...)* @_ssdm_op_SpecLoopName([20 x i8]* @p_str718) nounwind" [NIST-KATs/aes.c:172]   --->   Operation 54 'specloopname' <Predicate = (!icmp_ln171)> <Delay = 0.00>
ST_5 : Operation 55 [1/1] (0.00ns)   --->   "%tmp_5 = call i32 (...)* @_ssdm_op_SpecRegionBegin([20 x i8]* @p_str718)" [NIST-KATs/aes.c:172]   --->   Operation 55 'specregionbegin' 'tmp_5' <Predicate = (!icmp_ln171)> <Delay = 0.00>
ST_5 : Operation 56 [1/1] (0.00ns)   --->   "%j_6 = call i8 @_ssdm_op_BitConcatenate.i8.i6.i2(i6 %i_1, i2 0)" [NIST-KATs/aes.c:174]   --->   Operation 56 'bitconcatenate' 'j_6' <Predicate = (!icmp_ln171)> <Delay = 0.00>
ST_5 : Operation 57 [1/1] (1.71ns)   --->   "%k = add i8 %j_6, -4" [NIST-KATs/aes.c:174]   --->   Operation 57 'add' 'k' <Predicate = (!icmp_ln171)> <Delay = 1.71> <Core = "AddSub">   --->   Core 14 'AddSub' <Latency = 0> <II = 1> <Delay = 1.60> <FuncUnit> <Opcode : 'add' 'sub'> <InPorts = 2> <OutPorts = 1>
ST_5 : Operation 58 [1/1] (0.00ns)   --->   "%zext_ln175 = zext i8 %k to i9" [NIST-KATs/aes.c:175]   --->   Operation 58 'zext' 'zext_ln175' <Predicate = (!icmp_ln171)> <Delay = 0.00>
ST_5 : Operation 59 [1/1] (1.35ns)   --->   "br label %branch8" [NIST-KATs/aes.c:175]   --->   Operation 59 'br' <Predicate = (!icmp_ln171)> <Delay = 1.35>
ST_5 : Operation 60 [1/1] (0.00ns)   --->   "ret void" [NIST-KATs/aes.c:238]   --->   Operation 60 'ret' <Predicate = (icmp_ln171)> <Delay = 0.00>

State 6 <SV = 3> <Delay = 4.49>
ST_6 : Operation 61 [1/1] (0.00ns)   --->   "%tempa_2 = phi i8 [ %tempa_3_0, %KeyExpansion_label5_begin ], [ %tempa_2_be, %branch8.backedge ]" [NIST-KATs/aes.c:212]   --->   Operation 61 'phi' 'tempa_2' <Predicate = true> <Delay = 0.00>
ST_6 : Operation 62 [1/1] (0.00ns)   --->   "%tempa_1 = phi i8 [ %tempa_2_0, %KeyExpansion_label5_begin ], [ %tempa_1_be, %branch8.backedge ]" [NIST-KATs/aes.c:212]   --->   Operation 62 'phi' 'tempa_1' <Predicate = true> <Delay = 0.00>
ST_6 : Operation 63 [1/1] (0.00ns)   --->   "%tempa_0 = phi i8 [ %tempa_1_0, %KeyExpansion_label5_begin ], [ %tempa_0_be, %branch8.backedge ]" [NIST-KATs/aes.c:212]   --->   Operation 63 'phi' 'tempa_0' <Predicate = true> <Delay = 0.00>
ST_6 : Operation 64 [1/1] (0.00ns)   --->   "%tempa_3 = phi i8 [ %tempa_0_0, %KeyExpansion_label5_begin ], [ %tempa_3_be, %branch8.backedge ]" [NIST-KATs/aes.c:212]   --->   Operation 64 'phi' 'tempa_3' <Predicate = true> <Delay = 0.00>
ST_6 : Operation 65 [1/1] (0.00ns)   --->   "%j_1 = phi i3 [ 0, %KeyExpansion_label5_begin ], [ %j_4, %branch8.backedge ]"   --->   Operation 65 'phi' 'j_1' <Predicate = true> <Delay = 0.00>
ST_6 : Operation 66 [1/1] (1.00ns)   --->   "%icmp_ln175 = icmp eq i3 %j_1, -4" [NIST-KATs/aes.c:175]   --->   Operation 66 'icmp' 'icmp_ln175' <Predicate = true> <Delay = 1.00> <Core = "Cmp">   --->   Core 25 'Cmp' <Latency = 0> <II = 1> <Delay = 1.00> <FuncUnit> <Opcode : 'icmp'> <InPorts = 2> <OutPorts = 1>
ST_6 : Operation 67 [1/1] (0.00ns)   --->   "%empty_133 = call i32 (...)* @_ssdm_op_SpecLoopTripCount(i64 4, i64 4, i64 4)"   --->   Operation 67 'speclooptripcount' 'empty_133' <Predicate = true> <Delay = 0.00>
ST_6 : Operation 68 [1/1] (1.34ns)   --->   "%j_4 = add i3 %j_1, 1" [NIST-KATs/aes.c:175]   --->   Operation 68 'add' 'j_4' <Predicate = true> <Delay = 1.34> <Core = "AddSub">   --->   Core 14 'AddSub' <Latency = 0> <II = 1> <Delay = 1.60> <FuncUnit> <Opcode : 'add' 'sub'> <InPorts = 2> <OutPorts = 1>
ST_6 : Operation 69 [1/1] (0.00ns)   --->   "br i1 %icmp_ln175, label %5, label %4" [NIST-KATs/aes.c:175]   --->   Operation 69 'br' <Predicate = true> <Delay = 0.00>
ST_6 : Operation 70 [1/1] (0.00ns)   --->   "%zext_ln177 = zext i3 %j_1 to i9" [NIST-KATs/aes.c:177]   --->   Operation 70 'zext' 'zext_ln177' <Predicate = (!icmp_ln175)> <Delay = 0.00>
ST_6 : Operation 71 [1/1] (1.71ns)   --->   "%add_ln177 = add i9 %zext_ln175, %zext_ln177" [NIST-KATs/aes.c:177]   --->   Operation 71 'add' 'add_ln177' <Predicate = (!icmp_ln175)> <Delay = 1.71> <Core = "AddSub">   --->   Core 14 'AddSub' <Latency = 0> <II = 1> <Delay = 1.60> <FuncUnit> <Opcode : 'add' 'sub'> <InPorts = 2> <OutPorts = 1>
ST_6 : Operation 72 [1/1] (0.00ns)   --->   "%zext_ln177_1 = zext i9 %add_ln177 to i64" [NIST-KATs/aes.c:177]   --->   Operation 72 'zext' 'zext_ln177_1' <Predicate = (!icmp_ln175)> <Delay = 0.00>
ST_6 : Operation 73 [1/1] (0.00ns)   --->   "%RoundKey_addr_1 = getelementptr [240 x i8]* %RoundKey, i64 0, i64 %zext_ln177_1" [NIST-KATs/aes.c:177]   --->   Operation 73 'getelementptr' 'RoundKey_addr_1' <Predicate = (!icmp_ln175)> <Delay = 0.00>
ST_6 : Operation 74 [2/2] (2.77ns)   --->   "%tempa_0_6 = load i8* %RoundKey_addr_1, align 1" [NIST-KATs/aes.c:177]   --->   Operation 74 'load' 'tempa_0_6' <Predicate = (!icmp_ln175)> <Delay = 2.77> <Core = "RAM">   --->   Core 37 'RAM' <Latency = 1> <II = 1> <Delay = 2.77> <Storage> <Opcode : 'load' 'store'> <Ports = 2> <Width = 8> <Depth = 240> <RAM>
ST_6 : Operation 75 [1/1] (0.00ns)   --->   "%trunc_ln177 = trunc i3 %j_1 to i2" [NIST-KATs/aes.c:177]   --->   Operation 75 'trunc' 'trunc_ln177' <Predicate = (!icmp_ln175)> <Delay = 0.00>
ST_6 : Operation 76 [1/1] (0.00ns)   --->   "%trunc_ln171 = trunc i6 %i_1 to i3" [NIST-KATs/aes.c:171]   --->   Operation 76 'trunc' 'trunc_ln171' <Predicate = (icmp_ln175)> <Delay = 0.00>
ST_6 : Operation 77 [1/1] (1.00ns)   --->   "%icmp_ln186 = icmp eq i3 %trunc_ln171, 0" [NIST-KATs/aes.c:186]   --->   Operation 77 'icmp' 'icmp_ln186' <Predicate = (icmp_ln175)> <Delay = 1.00> <Core = "Cmp">   --->   Core 25 'Cmp' <Latency = 0> <II = 1> <Delay = 1.00> <FuncUnit> <Opcode : 'icmp'> <InPorts = 2> <OutPorts = 1>
ST_6 : Operation 78 [1/1] (1.35ns)   --->   "br i1 %icmp_ln186, label %.preheader10.preheader, label %._crit_edge" [NIST-KATs/aes.c:186]   --->   Operation 78 'br' <Predicate = (icmp_ln175)> <Delay = 1.35>
ST_6 : Operation 79 [1/1] (1.35ns)   --->   "br label %.preheader10" [NIST-KATs/aes.c:204]   --->   Operation 79 'br' <Predicate = (icmp_ln175 & icmp_ln186)> <Delay = 1.35>

State 7 <SV = 4> <Delay = 2.77>
ST_7 : Operation 80 [1/2] (2.77ns)   --->   "%tempa_0_6 = load i8* %RoundKey_addr_1, align 1" [NIST-KATs/aes.c:177]   --->   Operation 80 'load' 'tempa_0_6' <Predicate = true> <Delay = 2.77> <Core = "RAM">   --->   Core 37 'RAM' <Latency = 1> <II = 1> <Delay = 2.77> <Storage> <Opcode : 'load' 'store'> <Ports = 2> <Width = 8> <Depth = 240> <RAM>
ST_7 : Operation 81 [1/1] (1.35ns)   --->   "switch i2 %trunc_ln177, label %branch11 [
    i2 0, label %branch8.backedge
    i2 1, label %branch9
    i2 -2, label %branch10
  ]" [NIST-KATs/aes.c:177]   --->   Operation 81 'switch' <Predicate = true> <Delay = 1.35>
ST_7 : Operation 82 [1/1] (1.35ns)   --->   "br label %branch8.backedge" [NIST-KATs/aes.c:177]   --->   Operation 82 'br' <Predicate = (trunc_ln177 == 2)> <Delay = 1.35>
ST_7 : Operation 83 [1/1] (1.35ns)   --->   "br label %branch8.backedge" [NIST-KATs/aes.c:177]   --->   Operation 83 'br' <Predicate = (trunc_ln177 == 1)> <Delay = 1.35>
ST_7 : Operation 84 [1/1] (1.35ns)   --->   "br label %branch8.backedge" [NIST-KATs/aes.c:177]   --->   Operation 84 'br' <Predicate = (trunc_ln177 == 3)> <Delay = 1.35>

State 8 <SV = 5> <Delay = 0.00>
ST_8 : Operation 85 [1/1] (0.00ns)   --->   "%tempa_2_be = phi i8 [ %tempa_0_6, %branch11 ], [ %tempa_2, %branch10 ], [ %tempa_2, %branch9 ], [ %tempa_2, %4 ]"   --->   Operation 85 'phi' 'tempa_2_be' <Predicate = true> <Delay = 0.00>
ST_8 : Operation 86 [1/1] (0.00ns)   --->   "%tempa_1_be = phi i8 [ %tempa_1, %branch11 ], [ %tempa_0_6, %branch10 ], [ %tempa_1, %branch9 ], [ %tempa_1, %4 ]"   --->   Operation 86 'phi' 'tempa_1_be' <Predicate = true> <Delay = 0.00>
ST_8 : Operation 87 [1/1] (0.00ns)   --->   "%tempa_0_be = phi i8 [ %tempa_0, %branch11 ], [ %tempa_0, %branch10 ], [ %tempa_0_6, %branch9 ], [ %tempa_0, %4 ]"   --->   Operation 87 'phi' 'tempa_0_be' <Predicate = true> <Delay = 0.00>
ST_8 : Operation 88 [1/1] (0.00ns)   --->   "%tempa_3_be = phi i8 [ %tempa_3, %branch11 ], [ %tempa_3, %branch10 ], [ %tempa_3, %branch9 ], [ %tempa_0_6, %4 ]"   --->   Operation 88 'phi' 'tempa_3_be' <Predicate = true> <Delay = 0.00>
ST_8 : Operation 89 [1/1] (0.00ns)   --->   "br label %branch8"   --->   Operation 89 'br' <Predicate = true> <Delay = 0.00>

State 9 <SV = 4> <Delay = 4.19>
ST_9 : Operation 90 [1/1] (0.00ns)   --->   "%tempa_3_3 = phi i8 [ %tempa_3, %.preheader10.preheader ], [ %tempa_3_3_be, %.preheader10.backedge ]"   --->   Operation 90 'phi' 'tempa_3_3' <Predicate = true> <Delay = 0.00>
ST_9 : Operation 91 [1/1] (0.00ns)   --->   "%tempa_2_3 = phi i8 [ %tempa_2, %.preheader10.preheader ], [ %tempa_2_3_be, %.preheader10.backedge ]"   --->   Operation 91 'phi' 'tempa_2_3' <Predicate = true> <Delay = 0.00>
ST_9 : Operation 92 [1/1] (0.00ns)   --->   "%tempa_1_3 = phi i8 [ %tempa_1, %.preheader10.preheader ], [ %tempa_1_3_be, %.preheader10.backedge ]"   --->   Operation 92 'phi' 'tempa_1_3' <Predicate = true> <Delay = 0.00>
ST_9 : Operation 93 [1/1] (0.00ns)   --->   "%tempa_0_32 = phi i8 [ %tempa_0, %.preheader10.preheader ], [ %tempa_0_32_be, %.preheader10.backedge ]"   --->   Operation 93 'phi' 'tempa_0_32' <Predicate = true> <Delay = 0.00>
ST_9 : Operation 94 [1/1] (0.00ns)   --->   "%j_2 = phi i3 [ 0, %.preheader10.preheader ], [ %j_5, %.preheader10.backedge ]"   --->   Operation 94 'phi' 'j_2' <Predicate = true> <Delay = 0.00>
ST_9 : Operation 95 [1/1] (1.00ns)   --->   "%icmp_ln204 = icmp eq i3 %j_2, -4" [NIST-KATs/aes.c:204]   --->   Operation 95 'icmp' 'icmp_ln204' <Predicate = true> <Delay = 1.00> <Core = "Cmp">   --->   Core 25 'Cmp' <Latency = 0> <II = 1> <Delay = 1.00> <FuncUnit> <Opcode : 'icmp'> <InPorts = 2> <OutPorts = 1>
ST_9 : Operation 96 [1/1] (0.00ns)   --->   "%empty_134 = call i32 (...)* @_ssdm_op_SpecLoopTripCount(i64 4, i64 4, i64 4)"   --->   Operation 96 'speclooptripcount' 'empty_134' <Predicate = true> <Delay = 0.00>
ST_9 : Operation 97 [1/1] (1.34ns)   --->   "%j_5 = add i3 %j_2, 1" [NIST-KATs/aes.c:204]   --->   Operation 97 'add' 'j_5' <Predicate = true> <Delay = 1.34> <Core = "AddSub">   --->   Core 14 'AddSub' <Latency = 0> <II = 1> <Delay = 1.60> <FuncUnit> <Opcode : 'add' 'sub'> <InPorts = 2> <OutPorts = 1>
ST_9 : Operation 98 [1/1] (0.00ns)   --->   "br i1 %icmp_ln204, label %7, label %6" [NIST-KATs/aes.c:204]   --->   Operation 98 'br' <Predicate = true> <Delay = 0.00>
ST_9 : Operation 99 [1/1] (0.00ns)   --->   "%trunc_ln206 = trunc i3 %j_2 to i2" [NIST-KATs/aes.c:206]   --->   Operation 99 'trunc' 'trunc_ln206' <Predicate = (!icmp_ln204)> <Delay = 0.00>
ST_9 : Operation 100 [1/1] (1.42ns)   --->   "%tmp_1 = call i8 @_ssdm_op_Mux.ap_auto.4i8.i2(i8 %tempa_0_32, i8 %tempa_1_3, i8 %tempa_2_3, i8 %tempa_3_3, i2 %trunc_ln206)" [NIST-KATs/aes.c:206]   --->   Operation 100 'mux' 'tmp_1' <Predicate = (!icmp_ln204)> <Delay = 1.42> <Core = "MuxnS">   --->   Core 31 'MuxnS' <Latency = 0> <II = 1> <Delay = 1.42> <FuncUnit> <Opcode : 'mux'> <InPorts = 2> <OutPorts = 1>
ST_9 : Operation 101 [1/1] (0.00ns)   --->   "%zext_ln206 = zext i8 %tmp_1 to i64" [NIST-KATs/aes.c:206]   --->   Operation 101 'zext' 'zext_ln206' <Predicate = (!icmp_ln204)> <Delay = 0.00>
ST_9 : Operation 102 [1/1] (0.00ns)   --->   "%sbox_addr = getelementptr inbounds [256 x i8]* @sbox, i64 0, i64 %zext_ln206" [NIST-KATs/aes.c:206]   --->   Operation 102 'getelementptr' 'sbox_addr' <Predicate = (!icmp_ln204)> <Delay = 0.00>
ST_9 : Operation 103 [2/2] (2.77ns)   --->   "%tempa_0_7 = load i8* %sbox_addr, align 1" [NIST-KATs/aes.c:206]   --->   Operation 103 'load' 'tempa_0_7' <Predicate = (!icmp_ln204)> <Delay = 2.77> <Core = "ROM_nP">   --->   Core 52 'ROM_nP' <Latency = 1> <II = 1> <Delay = 2.77> <Storage> <Opcode : 'load'> <Ports = 0> <Width = 8> <Depth = 256> <ROM>
ST_9 : Operation 104 [1/1] (0.00ns)   --->   "%lshr_ln = call i3 @_ssdm_op_PartSelect.i3.i6.i32.i32(i6 %i_1, i32 3, i32 5)" [NIST-KATs/aes.c:212]   --->   Operation 104 'partselect' 'lshr_ln' <Predicate = (icmp_ln204)> <Delay = 0.00>
ST_9 : Operation 105 [1/1] (0.00ns)   --->   "%zext_ln212 = zext i3 %lshr_ln to i64" [NIST-KATs/aes.c:212]   --->   Operation 105 'zext' 'zext_ln212' <Predicate = (icmp_ln204)> <Delay = 0.00>
ST_9 : Operation 106 [1/1] (0.00ns)   --->   "%Rcon_addr = getelementptr inbounds [11 x i8]* @Rcon, i64 0, i64 %zext_ln212" [NIST-KATs/aes.c:212]   --->   Operation 106 'getelementptr' 'Rcon_addr' <Predicate = (icmp_ln204)> <Delay = 0.00>
ST_9 : Operation 107 [2/2] (2.77ns)   --->   "%Rcon_load = load i8* %Rcon_addr, align 1" [NIST-KATs/aes.c:212]   --->   Operation 107 'load' 'Rcon_load' <Predicate = (icmp_ln204)> <Delay = 2.77> <Core = "ROM_nP">   --->   Core 52 'ROM_nP' <Latency = 1> <II = 1> <Delay = 2.77> <Storage> <Opcode : 'load'> <Ports = 0> <Width = 8> <Depth = 256> <ROM>

State 10 <SV = 5> <Delay = 2.77>
ST_10 : Operation 108 [1/2] (2.77ns)   --->   "%tempa_0_7 = load i8* %sbox_addr, align 1" [NIST-KATs/aes.c:206]   --->   Operation 108 'load' 'tempa_0_7' <Predicate = true> <Delay = 2.77> <Core = "ROM_nP">   --->   Core 52 'ROM_nP' <Latency = 1> <II = 1> <Delay = 2.77> <Storage> <Opcode : 'load'> <Ports = 0> <Width = 8> <Depth = 256> <ROM>
ST_10 : Operation 109 [1/1] (1.35ns)   --->   "switch i2 %trunc_ln206, label %branch7 [
    i2 0, label %.preheader10.backedge
    i2 1, label %branch5
    i2 -2, label %branch6
  ]" [NIST-KATs/aes.c:206]   --->   Operation 109 'switch' <Predicate = true> <Delay = 1.35>
ST_10 : Operation 110 [1/1] (1.35ns)   --->   "br label %.preheader10.backedge" [NIST-KATs/aes.c:206]   --->   Operation 110 'br' <Predicate = (trunc_ln206 == 2)> <Delay = 1.35>
ST_10 : Operation 111 [1/1] (1.35ns)   --->   "br label %.preheader10.backedge" [NIST-KATs/aes.c:206]   --->   Operation 111 'br' <Predicate = (trunc_ln206 == 1)> <Delay = 1.35>
ST_10 : Operation 112 [1/1] (1.35ns)   --->   "br label %.preheader10.backedge" [NIST-KATs/aes.c:206]   --->   Operation 112 'br' <Predicate = (trunc_ln206 == 3)> <Delay = 1.35>

State 11 <SV = 6> <Delay = 0.00>
ST_11 : Operation 113 [1/1] (0.00ns)   --->   "%tempa_3_3_be = phi i8 [ %tempa_0_7, %branch7 ], [ %tempa_3_3, %branch6 ], [ %tempa_3_3, %branch5 ], [ %tempa_3_3, %6 ]"   --->   Operation 113 'phi' 'tempa_3_3_be' <Predicate = true> <Delay = 0.00>
ST_11 : Operation 114 [1/1] (0.00ns)   --->   "%tempa_2_3_be = phi i8 [ %tempa_2_3, %branch7 ], [ %tempa_0_7, %branch6 ], [ %tempa_2_3, %branch5 ], [ %tempa_2_3, %6 ]"   --->   Operation 114 'phi' 'tempa_2_3_be' <Predicate = true> <Delay = 0.00>
ST_11 : Operation 115 [1/1] (0.00ns)   --->   "%tempa_1_3_be = phi i8 [ %tempa_1_3, %branch7 ], [ %tempa_1_3, %branch6 ], [ %tempa_0_7, %branch5 ], [ %tempa_1_3, %6 ]"   --->   Operation 115 'phi' 'tempa_1_3_be' <Predicate = true> <Delay = 0.00>
ST_11 : Operation 116 [1/1] (0.00ns)   --->   "%tempa_0_32_be = phi i8 [ %tempa_0_32, %branch7 ], [ %tempa_0_32, %branch6 ], [ %tempa_0_32, %branch5 ], [ %tempa_0_7, %6 ]"   --->   Operation 116 'phi' 'tempa_0_32_be' <Predicate = true> <Delay = 0.00>
ST_11 : Operation 117 [1/1] (0.00ns)   --->   "br label %.preheader10"   --->   Operation 117 'br' <Predicate = true> <Delay = 0.00>

State 12 <SV = 5> <Delay = 4.92>
ST_12 : Operation 118 [1/2] (2.77ns)   --->   "%Rcon_load = load i8* %Rcon_addr, align 1" [NIST-KATs/aes.c:212]   --->   Operation 118 'load' 'Rcon_load' <Predicate = (icmp_ln186)> <Delay = 2.77> <Core = "ROM_nP">   --->   Core 52 'ROM_nP' <Latency = 1> <II = 1> <Delay = 2.77> <Storage> <Opcode : 'load'> <Ports = 0> <Width = 8> <Depth = 256> <ROM>
ST_12 : Operation 119 [1/1] (0.80ns)   --->   "%tempa_0_2 = xor i8 %Rcon_load, %tempa_0_32" [NIST-KATs/aes.c:212]   --->   Operation 119 'xor' 'tempa_0_2' <Predicate = (icmp_ln186)> <Delay = 0.80> <Core = "LogicGate">   --->   Core 27 'LogicGate' <Latency = 0> <II = 1> <Delay = 0.80> <FuncUnit> <Opcode : 'and' 'or' 'xor'> <InPorts = 2> <OutPorts = 1>
ST_12 : Operation 120 [1/1] (1.35ns)   --->   "br label %._crit_edge" [NIST-KATs/aes.c:213]   --->   Operation 120 'br' <Predicate = (icmp_ln186)> <Delay = 1.35>
ST_12 : Operation 121 [1/1] (0.00ns)   --->   "%tempa_3_5 = phi i8 [ %tempa_3_3, %7 ], [ %tempa_2, %5 ]"   --->   Operation 121 'phi' 'tempa_3_5' <Predicate = true> <Delay = 0.00>
ST_12 : Operation 122 [1/1] (0.00ns)   --->   "%tempa_2_5 = phi i8 [ %tempa_2_3, %7 ], [ %tempa_1, %5 ]"   --->   Operation 122 'phi' 'tempa_2_5' <Predicate = true> <Delay = 0.00>
ST_12 : Operation 123 [1/1] (0.00ns)   --->   "%tempa_1_5 = phi i8 [ %tempa_1_3, %7 ], [ %tempa_0, %5 ]"   --->   Operation 123 'phi' 'tempa_1_5' <Predicate = true> <Delay = 0.00>
ST_12 : Operation 124 [1/1] (0.00ns)   --->   "%tempa_0_5 = phi i8 [ %tempa_0_2, %7 ], [ %tempa_3, %5 ]"   --->   Operation 124 'phi' 'tempa_0_5' <Predicate = true> <Delay = 0.00>
ST_12 : Operation 125 [1/1] (1.00ns)   --->   "%icmp_ln215 = icmp eq i3 %trunc_ln171, -4" [NIST-KATs/aes.c:215]   --->   Operation 125 'icmp' 'icmp_ln215' <Predicate = true> <Delay = 1.00> <Core = "Cmp">   --->   Core 25 'Cmp' <Latency = 0> <II = 1> <Delay = 1.00> <FuncUnit> <Opcode : 'icmp'> <InPorts = 2> <OutPorts = 1>
ST_12 : Operation 126 [1/1] (1.35ns)   --->   "br i1 %icmp_ln215, label %.preheader.preheader, label %.loopexit" [NIST-KATs/aes.c:215]   --->   Operation 126 'br' <Predicate = true> <Delay = 1.35>
ST_12 : Operation 127 [1/1] (1.35ns)   --->   "br label %.preheader" [NIST-KATs/aes.c:218]   --->   Operation 127 'br' <Predicate = (icmp_ln215)> <Delay = 1.35>

State 13 <SV = 6> <Delay = 4.19>
ST_13 : Operation 128 [1/1] (0.00ns)   --->   "%tempa_3_6 = phi i8 [ %tempa_3_5, %.preheader.preheader ], [ %tempa_3_6_be, %.preheader.backedge ]" [NIST-KATs/aes.c:212]   --->   Operation 128 'phi' 'tempa_3_6' <Predicate = (icmp_ln215)> <Delay = 0.00>
ST_13 : Operation 129 [1/1] (0.00ns)   --->   "%tempa_2_6 = phi i8 [ %tempa_2_5, %.preheader.preheader ], [ %tempa_2_6_be, %.preheader.backedge ]" [NIST-KATs/aes.c:212]   --->   Operation 129 'phi' 'tempa_2_6' <Predicate = (icmp_ln215)> <Delay = 0.00>
ST_13 : Operation 130 [1/1] (0.00ns)   --->   "%tempa_1_6 = phi i8 [ %tempa_1_5, %.preheader.preheader ], [ %tempa_1_6_be, %.preheader.backedge ]" [NIST-KATs/aes.c:212]   --->   Operation 130 'phi' 'tempa_1_6' <Predicate = (icmp_ln215)> <Delay = 0.00>
ST_13 : Operation 131 [1/1] (0.00ns)   --->   "%tempa_0_63 = phi i8 [ %tempa_0_5, %.preheader.preheader ], [ %tempa_0_63_be, %.preheader.backedge ]" [NIST-KATs/aes.c:212]   --->   Operation 131 'phi' 'tempa_0_63' <Predicate = (icmp_ln215)> <Delay = 0.00>
ST_13 : Operation 132 [1/1] (0.00ns)   --->   "%j_3 = phi i3 [ 0, %.preheader.preheader ], [ %j_7, %.preheader.backedge ]"   --->   Operation 132 'phi' 'j_3' <Predicate = (icmp_ln215)> <Delay = 0.00>
ST_13 : Operation 133 [1/1] (1.00ns)   --->   "%icmp_ln218 = icmp eq i3 %j_3, -4" [NIST-KATs/aes.c:218]   --->   Operation 133 'icmp' 'icmp_ln218' <Predicate = (icmp_ln215)> <Delay = 1.00> <Core = "Cmp">   --->   Core 25 'Cmp' <Latency = 0> <II = 1> <Delay = 1.00> <FuncUnit> <Opcode : 'icmp'> <InPorts = 2> <OutPorts = 1>
ST_13 : Operation 134 [1/1] (0.00ns)   --->   "%empty_135 = call i32 (...)* @_ssdm_op_SpecLoopTripCount(i64 4, i64 4, i64 4)"   --->   Operation 134 'speclooptripcount' 'empty_135' <Predicate = (icmp_ln215)> <Delay = 0.00>
ST_13 : Operation 135 [1/1] (1.34ns)   --->   "%j_7 = add i3 %j_3, 1" [NIST-KATs/aes.c:218]   --->   Operation 135 'add' 'j_7' <Predicate = (icmp_ln215)> <Delay = 1.34> <Core = "AddSub">   --->   Core 14 'AddSub' <Latency = 0> <II = 1> <Delay = 1.60> <FuncUnit> <Opcode : 'add' 'sub'> <InPorts = 2> <OutPorts = 1>
ST_13 : Operation 136 [1/1] (0.00ns)   --->   "br i1 %icmp_ln218, label %.loopexit.loopexit, label %8" [NIST-KATs/aes.c:218]   --->   Operation 136 'br' <Predicate = (icmp_ln215)> <Delay = 0.00>
ST_13 : Operation 137 [1/1] (0.00ns)   --->   "%trunc_ln220 = trunc i3 %j_3 to i2" [NIST-KATs/aes.c:220]   --->   Operation 137 'trunc' 'trunc_ln220' <Predicate = (icmp_ln215 & !icmp_ln218)> <Delay = 0.00>
ST_13 : Operation 138 [1/1] (1.42ns)   --->   "%tmp_2 = call i8 @_ssdm_op_Mux.ap_auto.4i8.i2(i8 %tempa_0_63, i8 %tempa_1_6, i8 %tempa_2_6, i8 %tempa_3_6, i2 %trunc_ln220)" [NIST-KATs/aes.c:220]   --->   Operation 138 'mux' 'tmp_2' <Predicate = (icmp_ln215 & !icmp_ln218)> <Delay = 1.42> <Core = "MuxnS">   --->   Core 31 'MuxnS' <Latency = 0> <II = 1> <Delay = 1.42> <FuncUnit> <Opcode : 'mux'> <InPorts = 2> <OutPorts = 1>
ST_13 : Operation 139 [1/1] (0.00ns)   --->   "%zext_ln220 = zext i8 %tmp_2 to i64" [NIST-KATs/aes.c:220]   --->   Operation 139 'zext' 'zext_ln220' <Predicate = (icmp_ln215 & !icmp_ln218)> <Delay = 0.00>
ST_13 : Operation 140 [1/1] (0.00ns)   --->   "%sbox_addr_1 = getelementptr inbounds [256 x i8]* @sbox, i64 0, i64 %zext_ln220" [NIST-KATs/aes.c:220]   --->   Operation 140 'getelementptr' 'sbox_addr_1' <Predicate = (icmp_ln215 & !icmp_ln218)> <Delay = 0.00>
ST_13 : Operation 141 [2/2] (2.77ns)   --->   "%tempa_0_8 = load i8* %sbox_addr_1, align 1" [NIST-KATs/aes.c:220]   --->   Operation 141 'load' 'tempa_0_8' <Predicate = (icmp_ln215 & !icmp_ln218)> <Delay = 2.77> <Core = "ROM_nP">   --->   Core 52 'ROM_nP' <Latency = 1> <II = 1> <Delay = 2.77> <Storage> <Opcode : 'load'> <Ports = 0> <Width = 8> <Depth = 256> <ROM>
ST_13 : Operation 142 [1/1] (1.35ns)   --->   "br label %.loopexit"   --->   Operation 142 'br' <Predicate = (icmp_ln215 & icmp_ln218)> <Delay = 1.35>
ST_13 : Operation 143 [1/1] (0.00ns)   --->   "%tempa_3_8 = phi i8 [ %tempa_3_5, %._crit_edge ], [ %tempa_3_6, %.loopexit.loopexit ]" [NIST-KATs/aes.c:212]   --->   Operation 143 'phi' 'tempa_3_8' <Predicate = (icmp_ln218) | (!icmp_ln215)> <Delay = 0.00>
ST_13 : Operation 144 [1/1] (0.00ns)   --->   "%tempa_2_8 = phi i8 [ %tempa_2_5, %._crit_edge ], [ %tempa_2_6, %.loopexit.loopexit ]" [NIST-KATs/aes.c:212]   --->   Operation 144 'phi' 'tempa_2_8' <Predicate = (icmp_ln218) | (!icmp_ln215)> <Delay = 0.00>
ST_13 : Operation 145 [1/1] (0.00ns)   --->   "%tempa_1_8 = phi i8 [ %tempa_1_5, %._crit_edge ], [ %tempa_1_6, %.loopexit.loopexit ]" [NIST-KATs/aes.c:212]   --->   Operation 145 'phi' 'tempa_1_8' <Predicate = (icmp_ln218) | (!icmp_ln215)> <Delay = 0.00>
ST_13 : Operation 146 [1/1] (0.00ns)   --->   "%tempa_0_85 = phi i8 [ %tempa_0_5, %._crit_edge ], [ %tempa_0_63, %.loopexit.loopexit ]" [NIST-KATs/aes.c:212]   --->   Operation 146 'phi' 'tempa_0_85' <Predicate = (icmp_ln218) | (!icmp_ln215)> <Delay = 0.00>
ST_13 : Operation 147 [1/1] (1.71ns)   --->   "%k_1 = add i8 %j_6, -32" [NIST-KATs/aes.c:228]   --->   Operation 147 'add' 'k_1' <Predicate = (icmp_ln218) | (!icmp_ln215)> <Delay = 1.71> <Core = "AddSub">   --->   Core 14 'AddSub' <Latency = 0> <II = 1> <Delay = 1.60> <FuncUnit> <Opcode : 'add' 'sub'> <InPorts = 2> <OutPorts = 1>
ST_13 : Operation 148 [1/1] (0.00ns)   --->   "%zext_ln231 = zext i8 %k_1 to i9" [NIST-KATs/aes.c:231]   --->   Operation 148 'zext' 'zext_ln231' <Predicate = (icmp_ln218) | (!icmp_ln215)> <Delay = 0.00>
ST_13 : Operation 149 [1/1] (1.35ns)   --->   "br label %9" [NIST-KATs/aes.c:229]   --->   Operation 149 'br' <Predicate = (icmp_ln218) | (!icmp_ln215)> <Delay = 1.35>

State 14 <SV = 7> <Delay = 2.77>
ST_14 : Operation 150 [1/2] (2.77ns)   --->   "%tempa_0_8 = load i8* %sbox_addr_1, align 1" [NIST-KATs/aes.c:220]   --->   Operation 150 'load' 'tempa_0_8' <Predicate = true> <Delay = 2.77> <Core = "ROM_nP">   --->   Core 52 'ROM_nP' <Latency = 1> <II = 1> <Delay = 2.77> <Storage> <Opcode : 'load'> <Ports = 0> <Width = 8> <Depth = 256> <ROM>
ST_14 : Operation 151 [1/1] (1.35ns)   --->   "switch i2 %trunc_ln220, label %branch3 [
    i2 0, label %.preheader.backedge
    i2 1, label %branch1
    i2 -2, label %branch2
  ]" [NIST-KATs/aes.c:220]   --->   Operation 151 'switch' <Predicate = true> <Delay = 1.35>
ST_14 : Operation 152 [1/1] (1.35ns)   --->   "br label %.preheader.backedge" [NIST-KATs/aes.c:220]   --->   Operation 152 'br' <Predicate = (trunc_ln220 == 2)> <Delay = 1.35>
ST_14 : Operation 153 [1/1] (1.35ns)   --->   "br label %.preheader.backedge" [NIST-KATs/aes.c:220]   --->   Operation 153 'br' <Predicate = (trunc_ln220 == 1)> <Delay = 1.35>
ST_14 : Operation 154 [1/1] (1.35ns)   --->   "br label %.preheader.backedge" [NIST-KATs/aes.c:220]   --->   Operation 154 'br' <Predicate = (trunc_ln220 == 3)> <Delay = 1.35>

State 15 <SV = 8> <Delay = 0.00>
ST_15 : Operation 155 [1/1] (0.00ns)   --->   "%tempa_3_6_be = phi i8 [ %tempa_0_8, %branch3 ], [ %tempa_3_6, %branch2 ], [ %tempa_3_6, %branch1 ], [ %tempa_3_6, %8 ]"   --->   Operation 155 'phi' 'tempa_3_6_be' <Predicate = true> <Delay = 0.00>
ST_15 : Operation 156 [1/1] (0.00ns)   --->   "%tempa_2_6_be = phi i8 [ %tempa_2_6, %branch3 ], [ %tempa_0_8, %branch2 ], [ %tempa_2_6, %branch1 ], [ %tempa_2_6, %8 ]"   --->   Operation 156 'phi' 'tempa_2_6_be' <Predicate = true> <Delay = 0.00>
ST_15 : Operation 157 [1/1] (0.00ns)   --->   "%tempa_1_6_be = phi i8 [ %tempa_1_6, %branch3 ], [ %tempa_1_6, %branch2 ], [ %tempa_0_8, %branch1 ], [ %tempa_1_6, %8 ]"   --->   Operation 157 'phi' 'tempa_1_6_be' <Predicate = true> <Delay = 0.00>
ST_15 : Operation 158 [1/1] (0.00ns)   --->   "%tempa_0_63_be = phi i8 [ %tempa_0_63, %branch3 ], [ %tempa_0_63, %branch2 ], [ %tempa_0_63, %branch1 ], [ %tempa_0_8, %8 ]"   --->   Operation 158 'phi' 'tempa_0_63_be' <Predicate = true> <Delay = 0.00>
ST_15 : Operation 159 [1/1] (0.00ns)   --->   "br label %.preheader"   --->   Operation 159 'br' <Predicate = true> <Delay = 0.00>

State 16 <SV = 7> <Delay = 4.49>
ST_16 : Operation 160 [1/1] (0.00ns)   --->   "%l_0 = phi i3 [ 0, %.loopexit ], [ %l, %10 ]"   --->   Operation 160 'phi' 'l_0' <Predicate = true> <Delay = 0.00>
ST_16 : Operation 161 [1/1] (1.00ns)   --->   "%icmp_ln229 = icmp eq i3 %l_0, -4" [NIST-KATs/aes.c:229]   --->   Operation 161 'icmp' 'icmp_ln229' <Predicate = true> <Delay = 1.00> <Core = "Cmp">   --->   Core 25 'Cmp' <Latency = 0> <II = 1> <Delay = 1.00> <FuncUnit> <Opcode : 'icmp'> <InPorts = 2> <OutPorts = 1>
ST_16 : Operation 162 [1/1] (0.00ns)   --->   "%empty_136 = call i32 (...)* @_ssdm_op_SpecLoopTripCount(i64 4, i64 4, i64 4)"   --->   Operation 162 'speclooptripcount' 'empty_136' <Predicate = true> <Delay = 0.00>
ST_16 : Operation 163 [1/1] (1.34ns)   --->   "%l = add i3 %l_0, 1" [NIST-KATs/aes.c:229]   --->   Operation 163 'add' 'l' <Predicate = true> <Delay = 1.34> <Core = "AddSub">   --->   Core 14 'AddSub' <Latency = 0> <II = 1> <Delay = 1.60> <FuncUnit> <Opcode : 'add' 'sub'> <InPorts = 2> <OutPorts = 1>
ST_16 : Operation 164 [1/1] (0.00ns)   --->   "br i1 %icmp_ln229, label %KeyExpansion_label5_end, label %10" [NIST-KATs/aes.c:229]   --->   Operation 164 'br' <Predicate = true> <Delay = 0.00>
ST_16 : Operation 165 [1/1] (0.00ns)   --->   "%zext_ln231_1 = zext i3 %l_0 to i8" [NIST-KATs/aes.c:231]   --->   Operation 165 'zext' 'zext_ln231_1' <Predicate = (!icmp_ln229)> <Delay = 0.00>
ST_16 : Operation 166 [1/1] (0.00ns)   --->   "%zext_ln231_2 = zext i3 %l_0 to i9" [NIST-KATs/aes.c:231]   --->   Operation 166 'zext' 'zext_ln231_2' <Predicate = (!icmp_ln229)> <Delay = 0.00>
ST_16 : Operation 167 [1/1] (1.71ns)   --->   "%add_ln231 = add i9 %zext_ln231, %zext_ln231_2" [NIST-KATs/aes.c:231]   --->   Operation 167 'add' 'add_ln231' <Predicate = (!icmp_ln229)> <Delay = 1.71> <Core = "AddSub">   --->   Core 14 'AddSub' <Latency = 0> <II = 1> <Delay = 1.60> <FuncUnit> <Opcode : 'add' 'sub'> <InPorts = 2> <OutPorts = 1>
ST_16 : Operation 168 [1/1] (0.00ns)   --->   "%zext_ln231_3 = zext i9 %add_ln231 to i64" [NIST-KATs/aes.c:231]   --->   Operation 168 'zext' 'zext_ln231_3' <Predicate = (!icmp_ln229)> <Delay = 0.00>
ST_16 : Operation 169 [1/1] (0.00ns)   --->   "%RoundKey_addr_2 = getelementptr [240 x i8]* %RoundKey, i64 0, i64 %zext_ln231_3" [NIST-KATs/aes.c:231]   --->   Operation 169 'getelementptr' 'RoundKey_addr_2' <Predicate = (!icmp_ln229)> <Delay = 0.00>
ST_16 : Operation 170 [2/2] (2.77ns)   --->   "%RoundKey_load = load i8* %RoundKey_addr_2, align 1" [NIST-KATs/aes.c:231]   --->   Operation 170 'load' 'RoundKey_load' <Predicate = (!icmp_ln229)> <Delay = 2.77> <Core = "RAM">   --->   Core 37 'RAM' <Latency = 1> <II = 1> <Delay = 2.77> <Storage> <Opcode : 'load' 'store'> <Ports = 2> <Width = 8> <Depth = 240> <RAM>
ST_16 : Operation 171 [1/1] (0.00ns)   --->   "%trunc_ln231 = trunc i3 %l_0 to i2" [NIST-KATs/aes.c:231]   --->   Operation 171 'trunc' 'trunc_ln231' <Predicate = (!icmp_ln229)> <Delay = 0.00>
ST_16 : Operation 172 [1/1] (1.42ns)   --->   "%tmp_3 = call i8 @_ssdm_op_Mux.ap_auto.4i8.i2(i8 %tempa_0_85, i8 %tempa_1_8, i8 %tempa_2_8, i8 %tempa_3_8, i2 %trunc_ln231)" [NIST-KATs/aes.c:231]   --->   Operation 172 'mux' 'tmp_3' <Predicate = (!icmp_ln229)> <Delay = 1.42> <Core = "MuxnS">   --->   Core 31 'MuxnS' <Latency = 0> <II = 1> <Delay = 1.42> <FuncUnit> <Opcode : 'mux'> <InPorts = 2> <OutPorts = 1>
ST_16 : Operation 173 [1/1] (1.71ns)   --->   "%add_ln231_1 = add i8 %j_6, %zext_ln231_1" [NIST-KATs/aes.c:231]   --->   Operation 173 'add' 'add_ln231_1' <Predicate = (!icmp_ln229)> <Delay = 1.71> <Core = "AddSub">   --->   Core 14 'AddSub' <Latency = 0> <II = 1> <Delay = 1.60> <FuncUnit> <Opcode : 'add' 'sub'> <InPorts = 2> <OutPorts = 1>
ST_16 : Operation 174 [1/1] (0.00ns)   --->   "%empty_137 = call i32 (...)* @_ssdm_op_SpecRegionEnd([20 x i8]* @p_str718, i32 %tmp_5)" [NIST-KATs/aes.c:237]   --->   Operation 174 'specregionend' 'empty_137' <Predicate = (icmp_ln229)> <Delay = 0.00>
ST_16 : Operation 175 [1/1] (1.60ns)   --->   "%i_9 = add i6 %i_1, 1" [NIST-KATs/aes.c:171]   --->   Operation 175 'add' 'i_9' <Predicate = (icmp_ln229)> <Delay = 1.60> <Core = "AddSub">   --->   Core 14 'AddSub' <Latency = 0> <II = 1> <Delay = 1.60> <FuncUnit> <Opcode : 'add' 'sub'> <InPorts = 2> <OutPorts = 1>
ST_16 : Operation 176 [1/1] (0.00ns)   --->   "br label %.preheader1" [NIST-KATs/aes.c:171]   --->   Operation 176 'br' <Predicate = (icmp_ln229)> <Delay = 0.00>

State 17 <SV = 8> <Delay = 6.34>
ST_17 : Operation 177 [1/2] (2.77ns)   --->   "%RoundKey_load = load i8* %RoundKey_addr_2, align 1" [NIST-KATs/aes.c:231]   --->   Operation 177 'load' 'RoundKey_load' <Predicate = true> <Delay = 2.77> <Core = "RAM">   --->   Core 37 'RAM' <Latency = 1> <II = 1> <Delay = 2.77> <Storage> <Opcode : 'load' 'store'> <Ports = 2> <Width = 8> <Depth = 240> <RAM>
ST_17 : Operation 178 [1/1] (0.80ns)   --->   "%xor_ln231 = xor i8 %RoundKey_load, %tmp_3" [NIST-KATs/aes.c:231]   --->   Operation 178 'xor' 'xor_ln231' <Predicate = true> <Delay = 0.80> <Core = "LogicGate">   --->   Core 27 'LogicGate' <Latency = 0> <II = 1> <Delay = 0.80> <FuncUnit> <Opcode : 'and' 'or' 'xor'> <InPorts = 2> <OutPorts = 1>
ST_17 : Operation 179 [1/1] (0.00ns)   --->   "%zext_ln231_4 = zext i8 %add_ln231_1 to i64" [NIST-KATs/aes.c:231]   --->   Operation 179 'zext' 'zext_ln231_4' <Predicate = true> <Delay = 0.00>
ST_17 : Operation 180 [1/1] (0.00ns)   --->   "%RoundKey_addr_3 = getelementptr [240 x i8]* %RoundKey, i64 0, i64 %zext_ln231_4" [NIST-KATs/aes.c:231]   --->   Operation 180 'getelementptr' 'RoundKey_addr_3' <Predicate = true> <Delay = 0.00>
ST_17 : Operation 181 [1/1] (2.77ns)   --->   "store i8 %xor_ln231, i8* %RoundKey_addr_3, align 1" [NIST-KATs/aes.c:231]   --->   Operation 181 'store' <Predicate = true> <Delay = 2.77> <Core = "RAM">   --->   Core 37 'RAM' <Latency = 1> <II = 1> <Delay = 2.77> <Storage> <Opcode : 'load' 'store'> <Ports = 2> <Width = 8> <Depth = 240> <RAM>
ST_17 : Operation 182 [1/1] (0.00ns)   --->   "br label %9" [NIST-KATs/aes.c:229]   --->   Operation 182 'br' <Predicate = true> <Delay = 0.00>


============================================================
+ Verbose Summary: Timing violations
============================================================
Target clock period: 10ns, clock uncertainty: 1.25ns.

 <State 1>: 1.35ns
The critical path consists of the following:
	multiplexor before 'phi' operation ('i') with incoming values : ('i', NIST-KATs/aes.c:158) [9]  (1.35 ns)

 <State 2>: 1.49ns
The critical path consists of the following:
	'phi' operation ('i') with incoming values : ('i', NIST-KATs/aes.c:158) [9]  (0 ns)
	'add' operation ('i', NIST-KATs/aes.c:158) [12]  (1.49 ns)

 <State 3>: 3.3ns
The critical path consists of the following:
	'phi' operation ('j') with incoming values : ('j', NIST-KATs/aes.c:160) [21]  (0 ns)
	'add' operation ('add_ln162', NIST-KATs/aes.c:162) [28]  (1.55 ns)
	'getelementptr' operation ('Key_addr', NIST-KATs/aes.c:162) [30]  (0 ns)
	'load' operation ('Key_load', NIST-KATs/aes.c:162) on array 'Key' [31]  (1.75 ns)

 <State 4>: 4.53ns
The critical path consists of the following:
	'load' operation ('Key_load', NIST-KATs/aes.c:162) on array 'Key' [31]  (1.75 ns)
	'store' operation ('store_ln162', NIST-KATs/aes.c:162) of variable 'Key_load', NIST-KATs/aes.c:162 on array 'RoundKey' [33]  (2.77 ns)

 <State 5>: 1.72ns
The critical path consists of the following:
	'phi' operation ('i') with incoming values : ('i', NIST-KATs/aes.c:171) [45]  (0 ns)
	'add' operation ('k', NIST-KATs/aes.c:174) [53]  (1.72 ns)

 <State 6>: 4.49ns
The critical path consists of the following:
	'phi' operation ('j') with incoming values : ('j', NIST-KATs/aes.c:175) [61]  (0 ns)
	'add' operation ('add_ln177', NIST-KATs/aes.c:177) [68]  (1.72 ns)
	'getelementptr' operation ('RoundKey_addr_1', NIST-KATs/aes.c:177) [70]  (0 ns)
	'load' operation ('tempa[0]', NIST-KATs/aes.c:177) on array 'RoundKey' [71]  (2.77 ns)

 <State 7>: 2.77ns
The critical path consists of the following:
	'load' operation ('tempa[0]', NIST-KATs/aes.c:177) on array 'RoundKey' [71]  (2.77 ns)

 <State 8>: 0ns
The critical path consists of the following:

 <State 9>: 4.19ns
The critical path consists of the following:
	'phi' operation ('u8tmp') with incoming values : ('tempa[0]', NIST-KATs/aes.c:177) ('tempa[0]', NIST-KATs/aes.c:206) ('tempa[0]', NIST-KATs/aes.c:212) ('tempa[0]', NIST-KATs/aes.c:220) [93]  (0 ns)
	'mux' operation ('tmp_1', NIST-KATs/aes.c:206) [104]  (1.42 ns)
	'getelementptr' operation ('sbox_addr', NIST-KATs/aes.c:206) [106]  (0 ns)
	'load' operation ('tempa[0]', NIST-KATs/aes.c:206) on array 'sbox' [107]  (2.77 ns)

 <State 10>: 2.77ns
The critical path consists of the following:
	'load' operation ('tempa[0]', NIST-KATs/aes.c:206) on array 'sbox' [107]  (2.77 ns)

 <State 11>: 0ns
The critical path consists of the following:

 <State 12>: 4.92ns
The critical path consists of the following:
	'load' operation ('Rcon_load', NIST-KATs/aes.c:212) on array 'Rcon' [125]  (2.77 ns)
	'xor' operation ('tempa[0]', NIST-KATs/aes.c:212) [126]  (0.8 ns)
	multiplexor before 'phi' operation ('tempa[0]') with incoming values : ('tempa[0]', NIST-KATs/aes.c:177) ('tempa[0]', NIST-KATs/aes.c:212) ('tempa[0]', NIST-KATs/aes.c:220) [132]  (1.35 ns)
	'phi' operation ('tempa[0]') with incoming values : ('tempa[0]', NIST-KATs/aes.c:177) ('tempa[0]', NIST-KATs/aes.c:212) ('tempa[0]', NIST-KATs/aes.c:220) [132]  (0 ns)

 <State 13>: 4.19ns
The critical path consists of the following:
	'phi' operation ('tempa_3_6', NIST-KATs/aes.c:212) with incoming values : ('tempa[0]', NIST-KATs/aes.c:177) ('tempa[0]', NIST-KATs/aes.c:206) ('tempa[0]', NIST-KATs/aes.c:212) ('tempa[0]', NIST-KATs/aes.c:220) [138]  (0 ns)
	'mux' operation ('tmp_2', NIST-KATs/aes.c:220) [149]  (1.42 ns)
	'getelementptr' operation ('sbox_addr_1', NIST-KATs/aes.c:220) [151]  (0 ns)
	'load' operation ('tempa[0]', NIST-KATs/aes.c:220) on array 'sbox' [152]  (2.77 ns)

 <State 14>: 2.77ns
The critical path consists of the following:
	'load' operation ('tempa[0]', NIST-KATs/aes.c:220) on array 'sbox' [152]  (2.77 ns)

 <State 15>: 0ns
The critical path consists of the following:

 <State 16>: 4.49ns
The critical path consists of the following:
	'phi' operation ('l') with incoming values : ('l', NIST-KATs/aes.c:229) [177]  (0 ns)
	'add' operation ('add_ln231', NIST-KATs/aes.c:231) [185]  (1.72 ns)
	'getelementptr' operation ('RoundKey_addr_2', NIST-KATs/aes.c:231) [187]  (0 ns)
	'load' operation ('RoundKey_load', NIST-KATs/aes.c:231) on array 'RoundKey' [188]  (2.77 ns)

 <State 17>: 6.34ns
The critical path consists of the following:
	'load' operation ('RoundKey_load', NIST-KATs/aes.c:231) on array 'RoundKey' [188]  (2.77 ns)
	'xor' operation ('xor_ln231', NIST-KATs/aes.c:231) [191]  (0.8 ns)
	'store' operation ('store_ln231', NIST-KATs/aes.c:231) of variable 'xor_ln231', NIST-KATs/aes.c:231 on array 'RoundKey' [195]  (2.77 ns)


============================================================
+ Verbose Summary: Binding
============================================================
N/A
* FSMD analyzer results:
  - Output states:
 - Input state : 
  - Chain level:
	State 1
	State 2
	State 3
	State 4
	State 5
	State 6
	State 7
	State 8
	State 9
	State 10
	State 11
	State 12
	State 13
	State 14
	State 15
	State 16
	State 17


============================================================
+ Verbose Summary: Datapath Resource usage 
============================================================
N/A
