

================================================================
== Vivado HLS Report for 'matrix_mul'
================================================================
* Date:           Wed May 13 21:29:00 2020

* Version:        2019.2 (Build 2704478 on Wed Nov 06 22:10:23 MST 2019)
* Project:        picnic1
* Solution:       keypair
* Product family: artix7
* Target device:  xc7a200t-fbg676-2


================================================================
== Performance Estimates
================================================================
+ Timing: 
    * Summary: 
    +--------+----------+----------+------------+
    |  Clock |  Target  | Estimated| Uncertainty|
    +--------+----------+----------+------------+
    |ap_clk  | 10.00 ns | 8.366 ns |   1.25 ns  |
    +--------+----------+----------+------------+

+ Latency: 
    * Summary: 
    +---------+---------+-----------+-----------+------+------+---------+
    |  Latency (cycles) |   Latency (absolute)  |   Interval  | Pipeline|
    |   min   |   max   |    min    |    max    |  min |  max |   Type  |
    +---------+---------+-----------+-----------+------+------+---------+
    |     2570|     2570| 25.700 us | 25.700 us |  2570|  2570|   none  |
    +---------+---------+-----------+-----------+------+------+---------+

    + Detail: 
        * Instance: 
        N/A

        * Loop: 
        +------------------------+---------+---------+----------+-----------+-----------+------+----------+
        |                        |  Latency (cycles) | Iteration|  Initiation Interval  | Trip |          |
        |        Loop Name       |   min   |   max   |  Latency |  achieved |   target  | Count| Pipelined|
        +------------------------+---------+---------+----------+-----------+-----------+------+----------+
        |- matrix_mul_label6     |     2560|     2560|        20|          -|          -|   128|    no    |
        | + matrix_mul_label5    |        8|        8|         2|          -|          -|     4|    no    |
        | + matrix_mul_label6.2  |        6|        6|         2|          -|          -|     3|    no    |
        |- matrix_mul_label7     |        8|        8|         2|          -|          -|     4|    no    |
        +------------------------+---------+---------+----------+-----------+-----------+------+----------+



================================================================
== Utilization Estimates
================================================================
* Summary: 
+-----------------+---------+-------+--------+--------+-----+
|       Name      | BRAM_18K| DSP48E|   FF   |   LUT  | URAM|
+-----------------+---------+-------+--------+--------+-----+
|DSP              |        -|      -|       -|       -|    -|
|Expression       |        -|      -|       0|    1310|    -|
|FIFO             |        -|      -|       -|       -|    -|
|Instance         |        -|      -|       -|       -|    -|
|Memory           |       34|      -|       0|       0|    0|
|Multiplexer      |        -|      -|       -|     164|    -|
|Register         |        -|      -|     111|       -|    -|
+-----------------+---------+-------+--------+--------+-----+
|Total            |       34|      0|     111|    1474|    0|
+-----------------+---------+-------+--------+--------+-----+
|Available        |      730|    740|  269200|  134600|    0|
+-----------------+---------+-------+--------+--------+-----+
|Utilization (%)  |        4|      0|   ~0   |       1|    0|
+-----------------+---------+-------+--------+--------+-----+

+ Detail: 
    * Instance: 
    N/A

    * DSP48E: 
    N/A

    * Memory: 
    +----------------+----------------------+---------+---+----+-----+-------+-----+------+-------------+
    |     Memory     |        Module        | BRAM_18K| FF| LUT| URAM| Words | Bits| Banks| W*Bits*Banks|
    +----------------+----------------------+---------+---+----+-----+-------+-----+------+-------------+
    |prod_U          |matrix_mul_1_prod     |        1|  0|   0|    0|     64|   32|     1|         2048|
    |temp_U          |matrix_mul_1_temp     |        1|  0|   0|    0|     64|   32|     1|         2048|
    |temp_matrix2_U  |matrix_mul_temp_mfYi  |       32|  0|   0|    0|  10240|   32|     1|       327680|
    +----------------+----------------------+---------+---+----+-----+-------+-----+------+-------------+
    |Total           |                      |       34|  0|   0|    0|  10368|   96|     3|       331776|
    +----------------+----------------------+---------+---+----+-----+-------+-----+------+-------------+

    * FIFO: 
    N/A

    * Expression: 
    +--------------------------+----------+-------+---+-----+------------+------------+
    |       Variable Name      | Operation| DSP48E| FF| LUT | Bitwidth P0| Bitwidth P1|
    +--------------------------+----------+-------+---+-----+------------+------------+
    |add_ln133_fu_302_p2       |     +    |      0|  0|   16|           9|           9|
    |add_ln134_fu_316_p2       |     +    |      0|  0|   21|          14|          14|
    |add_ln68_fu_602_p2        |     +    |      0|  0|   15|           3|           6|
    |i_6_fu_344_p2             |     +    |      0|  0|   12|           3|           1|
    |i_fu_268_p2               |     +    |      0|  0|   15|           1|           8|
    |j_fu_296_p2               |     +    |      0|  0|   12|           3|           1|
    |loop_fu_868_p2            |     +    |      0|  0|   12|           3|           1|
    |sub_ln68_4_fu_644_p2      |     -    |      0|  0|   15|           6|           6|
    |sub_ln68_5_fu_674_p2      |     -    |      0|  0|   15|           5|           6|
    |sub_ln68_6_fu_786_p2      |     -    |      0|  0|   15|           5|           6|
    |sub_ln68_fu_632_p2        |     -    |      0|  0|   15|           6|           6|
    |and_ln68_4_fu_700_p2      |    and   |      0|  0|   32|          32|          32|
    |and_ln68_5_fu_839_p2      |    and   |      0|  0|   32|          32|          32|
    |and_ln68_fu_737_p2        |    and   |      0|  0|    8|           8|           8|
    |prod_d0                   |    and   |      0|  0|   32|          32|          32|
    |temp_d0                   |    and   |      0|  0|   32|          32|          32|
    |icmp_ln128_fu_262_p2      |   icmp   |      0|  0|   13|           8|           9|
    |icmp_ln130_fu_290_p2      |   icmp   |      0|  0|    9|           3|           4|
    |icmp_ln140_fu_862_p2      |   icmp   |      0|  0|    9|           3|           4|
    |icmp_ln68_2_fu_749_p2     |   icmp   |      0|  0|   29|          64|          64|
    |icmp_ln68_fu_612_p2       |   icmp   |      0|  0|   29|          64|          64|
    |icmp_ln87_fu_338_p2       |   icmp   |      0|  0|    9|           3|           4|
    |lshr_ln68_3_fu_694_p2     |   lshr   |      0|  0|  101|           2|          32|
    |lshr_ln68_4_fu_833_p2     |   lshr   |      0|  0|  101|           2|          32|
    |lshr_ln68_fu_688_p2       |   lshr   |      0|  0|  101|          32|          32|
    |or_ln68_fu_743_p2         |    or    |      0|  0|    8|           8|           8|
    |select_ln68_10_fu_773_p3  |  select  |      0|  0|    6|           1|           6|
    |select_ln68_11_fu_779_p3  |  select  |      0|  0|    6|           1|           6|
    |select_ln68_12_fu_820_p3  |  select  |      0|  0|   32|           1|          32|
    |select_ln68_7_fu_658_p3   |  select  |      0|  0|   32|           1|          32|
    |select_ln68_8_fu_666_p3   |  select  |      0|  0|    6|           1|           6|
    |select_ln68_9_fu_767_p3   |  select  |      0|  0|    6|           1|           6|
    |select_ln68_fu_650_p3     |  select  |      0|  0|    6|           1|           6|
    |shl_ln68_2_fu_731_p2      |    shl   |      0|  0|   19|           8|           8|
    |shl_ln68_5_fu_804_p2      |    shl   |      0|  0|  101|          32|          32|
    |shl_ln68_6_fu_827_p2      |    shl   |      0|  0|  101|           2|          32|
    |shl_ln68_7_fu_855_p2      |    shl   |      0|  0|   11|           1|           4|
    |shl_ln68_fu_719_p2        |    shl   |      0|  0|   19|           1|           8|
    |x_2_fu_375_p2             |    xor   |      0|  0|   32|          32|          32|
    |xor_ln101_5_fu_559_p2     |    xor   |      0|  0|    2|           1|           1|
    |xor_ln101_6_fu_565_p2     |    xor   |      0|  0|    2|           1|           1|
    |xor_ln101_7_fu_571_p2     |    xor   |      0|  0|    2|           1|           1|
    |xor_ln101_8_fu_577_p2     |    xor   |      0|  0|    2|           1|           1|
    |xor_ln101_fu_553_p2       |    xor   |      0|  0|    2|           1|           1|
    |xor_ln68_2_fu_725_p2      |    xor   |      0|  0|    8|           8|           2|
    |xor_ln68_4_fu_638_p2      |    xor   |      0|  0|    6|           6|           5|
    |xor_ln68_5_fu_761_p2      |    xor   |      0|  0|    6|           6|           5|
    |xor_ln68_fu_710_p2        |    xor   |      0|  0|    3|           3|           2|
    |xor_ln97_fu_449_p2        |    xor   |      0|  0|   24|          24|          24|
    |xor_ln98_4_fu_515_p2      |    xor   |      0|  0|   24|          24|          24|
    |xor_ln98_fu_493_p2        |    xor   |      0|  0|   24|          24|          24|
    |y_4_fu_465_p2             |    xor   |      0|  0|   32|          32|          32|
    |y_5_fu_509_p2             |    xor   |      0|  0|   32|          32|          32|
    |y_6_fu_539_p2             |    xor   |      0|  0|   24|          24|          24|
    |y_fu_421_p2               |    xor   |      0|  0|   32|          32|          32|
    +--------------------------+----------+-------+---+-----+------------+------------+
    |Total                     |          |      0|  0| 1310|         686|         874|
    +--------------------------+----------+-------+---+-----+------------+------------+

    * Multiplexer: 
    +--------------------------+----+-----------+-----+-----------+
    |           Name           | LUT| Input Size| Bits| Total Bits|
    +--------------------------+----+-----------+-----+-----------+
    |ap_NS_fsm                 |  53|         12|    1|         12|
    |bitNumber_assign_reg_203  |   9|          2|    8|         16|
    |i_0_i_reg_236             |   9|          2|    3|          6|
    |j_0_reg_215               |   9|          2|    3|          6|
    |loop_0_reg_247            |   9|          2|    3|          6|
    |output_r_address0         |  15|          3|    3|          9|
    |prod_address0             |  21|          4|    6|         24|
    |temp_address0             |  21|          4|    6|         24|
    |temp_we0                  |   9|          2|    4|          8|
    |x_0_i_reg_226             |   9|          2|   32|         64|
    +--------------------------+----+-----------+-----+-----------+
    |Total                     | 164|         35|   69|        175|
    +--------------------------+----+-----------+-----+-----------+

    * Register: 
    +--------------------------+----+----+-----+-----------+
    |           Name           | FF | LUT| Bits| Const Bits|
    +--------------------------+----+----+-----+-----------+
    |add_ln68_reg_969          |   3|   0|    6|          3|
    |ap_CS_fsm                 |  11|   0|   11|          0|
    |bitNumber_assign_reg_203  |   8|   0|    8|          0|
    |i_0_i_reg_236             |   3|   0|    3|          0|
    |i_6_reg_943               |   3|   0|    3|          0|
    |i_reg_897                 |   8|   0|    8|          0|
    |icmp_ln68_2_reg_980       |   1|   0|    1|          0|
    |j_0_reg_215               |   3|   0|    3|          0|
    |j_reg_910                 |   3|   0|    3|          0|
    |loop_0_reg_247            |   3|   0|    3|          0|
    |loop_reg_991              |   3|   0|    3|          0|
    |or_ln68_reg_975           |   8|   0|    8|          0|
    |shl_ln_reg_902            |   7|   0|    9|          2|
    |temp_addr_5_reg_954       |   2|   0|    6|          4|
    |tmp_16_reg_948            |   2|   0|    2|          0|
    |trunc_ln128_reg_889       |   3|   0|    3|          0|
    |x_0_i_reg_226             |  32|   0|   32|          0|
    |zext_ln134_reg_915        |   3|   0|   64|         61|
    |zext_ln141_reg_996        |   3|   0|   64|         61|
    |zext_ln68_cast_reg_964    |   2|   0|    5|          3|
    +--------------------------+----+----+-----+-----------+
    |Total                     | 111|   0|  245|        134|
    +--------------------------+----+----+-----+-----------+



================================================================
== Interface
================================================================
* Summary: 
+-------------------+-----+-----+------------+---------------+--------------+
|     RTL Ports     | Dir | Bits|  Protocol  | Source Object |    C Type    |
+-------------------+-----+-----+------------+---------------+--------------+
|ap_clk             |  in |    1| ap_ctrl_hs |   matrix_mul  | return value |
|ap_rst             |  in |    1| ap_ctrl_hs |   matrix_mul  | return value |
|ap_start           |  in |    1| ap_ctrl_hs |   matrix_mul  | return value |
|ap_done            | out |    1| ap_ctrl_hs |   matrix_mul  | return value |
|ap_idle            | out |    1| ap_ctrl_hs |   matrix_mul  | return value |
|ap_ready           | out |    1| ap_ctrl_hs |   matrix_mul  | return value |
|output_r_address0  | out |    3|  ap_memory |    output_r   |     array    |
|output_r_ce0       | out |    1|  ap_memory |    output_r   |     array    |
|output_r_we0       | out |    1|  ap_memory |    output_r   |     array    |
|output_r_d0        | out |   32|  ap_memory |    output_r   |     array    |
|output_r_q0        |  in |   32|  ap_memory |    output_r   |     array    |
|matrix_offset      |  in |   14|   ap_none  | matrix_offset |    scalar    |
+-------------------+-----+-----+------------+---------------+--------------+

